Unity Editor version:    6000.6.0f1 (f7f8ed4d1e24)
Branch:                  6000.6/respin/6000.6.0f1-fa21a270ab12
Build type:              Release
Batch mode:              NO
macOS version:           Version 26.6.2 (Build 25G83)
Darwin version:          25.6.0
Architecture:            arm64
Running under Rosetta:   NO
Available memory:        16384 MB
Date:                    2026-10-04T12:13:55Z
VBCSCompilerPreWarmer: pre-warm launched (dotnet PID 45039)
VBCSCompiler prewarm took 11.82 ms
[Licensing::Module] Trying to connect to existing licensing client channel...
[Licensing::IpcConnector] Successfully connected to: "LicenseClient-ariq" at "2026-10-04T12:13:55.629612Z"

COMMAND LINE ARGUMENTS:
/Applications/Unity/Hub/Editor/6000.6.0f1/Unity.app/Contents/MacOS/Unity
-projectpath
/Users/ariq/Code/Unity Practice/Prac1
-acceptSoftwareTermsForThisRunOnly
-useHub
-hubIPC
-cloudEnvironment
production
-licensingIpc
LicenseClient-ariq
-hubSessionId
3838a78f-f456-41d1-b867-940dc595d525
-accessToken
sgw8wr4OgTE17o7ff9LlcNHGbYiGffbWKL-SXmCeMWo00ff
Successfully changed project path to: /Users/ariq/Code/Unity Practice/Prac1
/Users/ariq/Code/Unity Practice/Prac1
[UnityMemory] Configuration Parameters - Can be set up in boot.config
    "memorysetup-temp-allocator-size-gi-baking-worker=262144"
    "memorysetup-temp-allocator-size-gi-baking-worker=262144"
    "memorysetup-temp-allocator-size-gi-baking-worker=262144"
    "memorysetup-temp-allocator-size-gi-baking-worker=262144"
    "memorysetup-temp-allocator-size-gi-baking-worker=262144"
    "memorysetup-temp-allocator-size-nav-mesh-worker=65536"
    "memorysetup-temp-allocator-size-audio-worker=65536"
    "memorysetup-temp-allocator-size-cloud-worker=32768"
    "memorysetup-temp-allocator-size-preload-manager=33554432"
    "memorysetup-remapper-allocator-initial-capacity=32768"
    "memorysetup-temp-allocator-size-gfx=262144"
    "memorysetup-allocator-temp-initial-block-size-main=262144"
    "memorysetup-allocator-temp-initial-block-size-worker=262144"
    "memorysetup-temp-allocator-size-background-worker=32768"
    "memorysetup-temp-allocator-size-job-worker=262144"
    "memorysetup-bucket-allocator-granularity=16"
    "memorysetup-bucket-allocator-bucket-count=8"
    "memorysetup-bucket-allocator-block-size=33554432"
    "memorysetup-bucket-allocator-block-count=8"
    "memorysetup-main-allocator-block-size=16777216"
    "memorysetup-thread-allocator-block-size=16777216"
    "memorysetup-main-allocator-mimalloc-enabled=1"
    "memorysetup-gfx-main-allocator-block-size=16777216"
    "memorysetup-gfx-thread-allocator-block-size=16777216"
    "memorysetup-cache-allocator-block-size=4194304"
    "memorysetup-typetree-allocator-block-size=2097152"
    "memorysetup-profiler-bucket-allocator-granularity=16"
    "memorysetup-profiler-bucket-allocator-bucket-count=8"
    "memorysetup-profiler-bucket-allocator-block-size=33554432"
    "memorysetup-profiler-bucket-allocator-block-count=8"
    "memorysetup-profiler-allocator-block-size=16777216"
    "memorysetup-profiler-editor-allocator-block-size=1048576"
    "memorysetup-temp-allocator-size-main=16777216"
    "memorysetup-job-temp-allocator-block-size=2097152"
    "memorysetup-job-temp-allocator-block-size-background=1048576"
    "memorysetup-job-temp-allocator-reduction-small-platforms=262144"
Player connection [8273092992]  Target information:

Player connection [8273092992]  * "[IP] 127.0.2.2 [Port] 55504 [Flags] 2 [Guid] 3412665372 [EditorId] 3412665372 [Version] 1048832 [Id] OSXEditor(0,Shadmans-MacBook-Pro.local) [Debug] 1 [PackageName] OSXEditor [ProjectName] Editor" 

Player connection [8273092992]  * "[IP] 127.0.2.3 [Port] 55504 [Flags] 2 [Guid] 3412665372 [EditorId] 3412665372 [Version] 1048832 [Id] OSXEditor(0,Shadmans-MacBook-Pro.local) [Debug] 1 [PackageName] OSXEditor [ProjectName] Editor" 

Player connection [8273092992]  * "[IP] 100.103.144.74 [Port] 55504 [Flags] 2 [Guid] 3412665372 [EditorId] 3412665372 [Version] 1048832 [Id] OSXEditor(0,Shadmans-MacBook-Pro.local) [Debug] 1 [PackageName] OSXEditor [ProjectName] Editor" 

Player connection [8273092992]  * "[IP] 172.16.0.2 [Port] 55504 [Flags] 2 [Guid] 3412665372 [EditorId] 3412665372 [Version] 1048832 [Id] OSXEditor(0,Shadmans-MacBook-Pro.local) [Debug] 1 [PackageName] OSXEditor [ProjectName] Editor" 

Player connection [8273092992] Host joined multi-casting on [225.0.0.222:54997]...
Player connection [8273092992] Host joined alternative multi-casting on [225.0.0.222:34997]...
Input System module state changed to: Initialized.
[Physics::Module] Initialized fallback backend.
[Physics::Module] Id: 0xdecafbad
[Licensing::Client] Handshaking with LicensingClient:
  Version:                 1.18.3+d7ffd15
  Session Id:              9e5bc75251584aff8e83eb753ded4e78
  Correlation Id:          bb53c59b72204e45482ff0c7cefdf7bc
  External correlation Id: 4963827715960566802
  Machine Id:              EvBO0VdNJZ9vYdiVVTgd+fZZnCM=
[Licensing::Module] Successfully connected to LicensingClient on channel: "LicenseClient-ariq" (connect: 0.00s, validation: 0.00s, handshake: 0.35s)
[Licensing::IpcConnector] Successfully connected to: "LicenseClient-ariq-notifications" at "2026-10-04T12:13:55.983547Z"
[Licensing::Client] Successfully updated the access token
[Licensing::Module] Successfully updated the access token sgw8wr4OgT...
[Licensing::Client] Successfully resolved entitlement details
[Licensing::Module] License group:
  Id: 16768404542442-UnityPersXXXX
  Product: Unity Personal
  Type: Assigned
  Expiration: Unlimited
[Licensing::Client] Successfully updated license, isAsync: True, time: 0.01
[Licensing::Client] Successfully resolved entitlement details
[Licensing::Module] Licensing Background thread has ended after 0.37s
[Package Manager] Connected to IPC stream "Upm-45038" after 0.2 seconds.
[Licensing::Client] Successfully resolved entitlement details
Library Redirect Path: Library/
Initialising UDS system complete:
  - System type: Client
  - Resource namespace: c95392a07015f6e02411e91123f04d9d
  - Shared memory size: 1073741824
  - Command buffer id: 1052672
  - Command buffer size: 8192
  - Hashmap size: 4194304
  - Service connected: false
Launching Unity Data Store - /Applications/Unity/Hub/Editor/6000.6.0f1/Unity.app/Contents/Helpers/Unity.DataStore 
Unity Data Store artifact dir = Library/DataStore, working dir = /Users/ariq/Code/Unity Practice/Prac1[Physics::Module] Selected backend.
[Physics::Module] Name: PhysX
[Physics::Module] Id: 0xf2b8ea05
[Physics::Module] SDK Version: 4.1.2
[Physics::Module] Integration Version: 1.0.0
[Physics::Module] Threading Mode: Multi-Threaded
Unity Data Store running and initialised
Initialize engine version: 6000.6.0f1 (f7f8ed4d1e24)
[EntityIdStore] init: VM path (explicit commit), pageSize=16384, blockCount=262144, entitiesPerBlock=1024, slots reserved=4294967296 bytes
[Subsystems] Discovering subsystems at path /Applications/Unity/Hub/Editor/6000.6.0f1/Unity.app/Contents/Resources/UnitySubsystems
[Subsystems] Discovering subsystems at path /Users/ariq/Code/Unity Practice/Prac1/Assets
GfxDevice: creating device client; kGfxThreadingModeThreaded
 preferred device: Apple M5 (high power)
Metal devices available: 1
0: Apple M5 (high power)
Using device Apple M5 (high power)
Initializing Metal device caps: Apple M5
Mac GPU Family: 2
Apple GPU Family: 9
MSL Version: 3.0
Has Float MSAA: 1
Has Float Filtering: 1
ReadWrite Texture Tier: 2
Initialize mono
Mono path[0] = '/Applications/Unity/Hub/Editor/6000.6.0f1/Unity.app/Contents/Resources/Scripting/Managed'
Mono path[1] = '/Applications/Unity/Hub/Editor/6000.6.0f1/Unity.app/Contents/Resources/Scripting/BCLExtensions/runtime/netstandard2.1'
Mono path[2] = '/Applications/Unity/Hub/Editor/6000.6.0f1/Unity.app/Contents/Resources/Scripting/MonoBleedingEdge/lib/mono/unityjit-macos'
Mono config path = '/Applications/Unity/Hub/Editor/6000.6.0f1/Unity.app/Contents/Resources/Scripting/MonoBleedingEdge/etc'
Using monoOptions --debugger-agent=transport=dt_socket,embedding=1,server=y,suspend=n,address=127.0.0.1:56038
CodeReloadManager initialized
ImportWorker Server TCP listen port: 0
AcceleratorClientConnectionCallback - disconnected - :0
Begin MonoManager ReloadAssembly
Registering precompiled unity dll's ...
Register platform support module: /Applications/Unity/Hub/Editor/6000.6.0f1/PlaybackEngines/WebGLSupport/UnityEditor.WebGL.Extensions.dll
Register platform support module: /Applications/Unity/Hub/Editor/6000.6.0f1/PlaybackEngines/MacStandaloneSupport/UnityEditor.OSXStandalone.Extensions.dll
Registered in 0.001139 seconds.
Native extension for OSXStandalone target not found
Native extension for WebGL target not found
Package Manager log level set to [2]
ScheduleIndexationOnStartup MainProcess:False IndexOnStartup:True
Scripting: successfully reloaded assembly
- Finished resetting the current domain, in  0.683 seconds
Domain Reload Profiling: 1010ms
	BeginReloadAssembly (99ms)
		CreateAndSetChildDomain (21ms)
	RebuildNativeTypeToScriptingClass (14ms)
	initialDomainReloadingComplete (31ms)
	LoadAllAssembliesAndSetupDomain (180ms)
		LoadAssemblies (78ms)
		TypeCache.Refresh (132ms)
			TypeCache.ScanAssembly (122ms)
		AnalyzeDomain (1ms)
	FinalizeReload (683ms)
		SetupLoadedEditorAssemblies (0ms)
			BeforeProcessingInitializeOnLoad (46ms)
			ProcessInitializeOnLoadAttributes (47ms)
			ProcessInitializeOnLoadMethodAttributes (467ms)
[Licensing::Client] Successfully resolved entitlement details
Application.AssetDatabase Initial Refresh Start
[Package Manager] Restoring resolved packages state from cache
[Licensing::Client] Successfully resolved entitlement details
[Package Manager] Registered 65 packages:
  Packages from [https://packages.unity.com]:
    com.unity.ai.navigation@2.0.14 (location: /Users/ariq/Code/Unity Practice/Prac1/Library/PackageCache/com.unity.ai.navigation@134dd6a3b97b)
    com.unity.collab-proxy@2.13.6 (location: /Users/ariq/Code/Unity Practice/Prac1/Library/PackageCache/com.unity.collab-proxy@4628d2ba6ea4)
    com.unity.ide.rider@3.0.38 (location: /Users/ariq/Code/Unity Practice/Prac1/Library/PackageCache/com.unity.ide.rider@1f60b3138684)
    com.unity.ide.visualstudio@2.0.26 (location: /Users/ariq/Code/Unity Practice/Prac1/Library/PackageCache/com.unity.ide.visualstudio@a99d56dec63f)
    com.unity.inputsystem@1.20.0 (location: /Users/ariq/Code/Unity Practice/Prac1/Library/PackageCache/com.unity.inputsystem@7a4e1a2a8194)
    com.unity.pipeline@0.8.0-exp.1 (location: /Users/ariq/Code/Unity Practice/Prac1/Library/PackageCache/com.unity.pipeline@62c08c808737)
    com.unity.visualscripting@1.9.12 (location: /Users/ariq/Code/Unity Practice/Prac1/Library/PackageCache/com.unity.visualscripting@4edfcc09512f)
    com.unity.xr.management@4.7.0 (location: /Users/ariq/Code/Unity Practice/Prac1/Library/PackageCache/com.unity.xr.management@2ad85c7dd480)
    com.unity.xr.openxr@1.18.0 (location: /Users/ariq/Code/Unity Practice/Prac1/Library/PackageCache/com.unity.xr.openxr@b5b77b4027be)
    com.unity.xr.core-utils@2.6.0 (location: /Users/ariq/Code/Unity Practice/Prac1/Library/PackageCache/com.unity.xr.core-utils@a8b900321199)
    com.unity.xr.legacyinputhelpers@3.0.1 (location: /Users/ariq/Code/Unity Practice/Prac1/Library/PackageCache/com.unity.xr.legacyinputhelpers@3f62d634f63b)
    com.unity.nuget.mono-cecil@1.11.6 (location: /Users/ariq/Code/Unity Practice/Prac1/Library/PackageCache/com.unity.nuget.mono-cecil@ecb9724e46ff)
    com.unity.nuget.newtonsoft-json@3.2.2 (location: /Users/ariq/Code/Unity Practice/Prac1/Library/PackageCache/com.unity.nuget.newtonsoft-json@4dfd81071c64)
    com.unity.searcher@4.9.5 (location: /Users/ariq/Code/Unity Practice/Prac1/Library/PackageCache/com.unity.searcher@a463122f2c00)
    com.unity.profiling.core@1.0.3 (location: /Users/ariq/Code/Unity Practice/Prac1/Library/PackageCache/com.unity.profiling.core@8a49f7027d06)
  Built-in packages:
    com.unity.render-pipelines.universal@17.6.0 (location: /Users/ariq/Code/Unity Practice/Prac1/Library/PackageCache/com.unity.render-pipelines.universal@8457e85b8184)
    com.unity.test-framework@1.8.0 (location: /Users/ariq/Code/Unity Practice/Prac1/Library/PackageCache/com.unity.test-framework@7a3849e09bd0)
    com.unity.timeline@6.6.0 (location: /Users/ariq/Code/Unity Practice/Prac1/Library/PackageCache/com.unity.timeline@281d5f7e7d7d)
    com.unity.ugui@2.6.0 (location: /Users/ariq/Code/Unity Practice/Prac1/Library/PackageCache/com.unity.ugui@23caec89ae27)
    com.unity.modules.accessibility@1.0.0 (location: /Users/ariq/Code/Unity Practice/Prac1/Library/PackageCache/com.unity.modules.accessibility)
    com.unity.modules.adaptiveperformance@1.0.0 (location: /Users/ariq/Code/Unity Practice/Prac1/Library/PackageCache/com.unity.modules.adaptiveperformance)
    com.unity.modules.ai@1.0.0 (location: /Users/ariq/Code/Unity Practice/Prac1/Library/PackageCache/com.unity.modules.ai)
    com.unity.modules.androidjni@1.0.0 (location: /Users/ariq/Code/Unity Practice/Prac1/Library/PackageCache/com.unity.modules.androidjni)
    com.unity.modules.animation@1.0.0 (location: /Users/ariq/Code/Unity Practice/Prac1/Library/PackageCache/com.unity.modules.animation)
    com.unity.modules.assetbundle@1.0.0 (location: /Users/ariq/Code/Unity Practice/Prac1/Library/PackageCache/com.unity.modules.assetbundle)
    com.unity.modules.audio@1.0.0 (location: /Users/ariq/Code/Unity Practice/Prac1/Library/PackageCache/com.unity.modules.audio)
    com.unity.modules.cloth@1.0.0 (location: /Users/ariq/Code/Unity Practice/Prac1/Library/PackageCache/com.unity.modules.cloth)
    com.unity.modules.director@1.0.0 (location: /Users/ariq/Code/Unity Practice/Prac1/Library/PackageCache/com.unity.modules.director)
    com.unity.modules.imageconversion@1.0.0 (location: /Users/ariq/Code/Unity Practice/Prac1/Library/PackageCache/com.unity.modules.imageconversion)
    com.unity.modules.imgui@1.0.0 (location: /Users/ariq/Code/Unity Practice/Prac1/Library/PackageCache/com.unity.modules.imgui)
    com.unity.modules.jsonserialize@1.0.0 (location: /Users/ariq/Code/Unity Practice/Prac1/Library/PackageCache/com.unity.modules.jsonserialize)
    com.unity.modules.particlesystem@1.0.0 (location: /Users/ariq/Code/Unity Practice/Prac1/Library/PackageCache/com.unity.modules.particlesystem)
    com.unity.modules.physics@1.0.0 (location: /Users/ariq/Code/Unity Practice/Prac1/Library/PackageCache/com.unity.modules.physics)
    com.unity.modules.physics2d@1.0.0 (location: /Users/ariq/Code/Unity Practice/Prac1/Library/PackageCache/com.unity.modules.physics2d)
    com.unity.modules.physicscore2d@1.0.0 (location: /Users/ariq/Code/Unity Practice/Prac1/Library/PackageCache/com.unity.modules.physicscore2d)
    com.unity.modules.screencapture@1.0.0 (location: /Users/ariq/Code/Unity Practice/Prac1/Library/PackageCache/com.unity.modules.screencapture)
    com.unity.modules.terrain@1.0.0 (location: /Users/ariq/Code/Unity Practice/Prac1/Library/PackageCache/com.unity.modules.terrain)
    com.unity.modules.terrainphysics@1.0.0 (location: /Users/ariq/Code/Unity Practice/Prac1/Library/PackageCache/com.unity.modules.terrainphysics)
    com.unity.modules.tetgen@1.0.0 (location: /Users/ariq/Code/Unity Practice/Prac1/Library/PackageCache/com.unity.modules.tetgen)
    com.unity.modules.tilemap@1.0.0 (location: /Users/ariq/Code/Unity Practice/Prac1/Library/PackageCache/com.unity.modules.tilemap)
    com.unity.modules.timelinefoundation@1.0.0 (location: /Users/ariq/Code/Unity Practice/Prac1/Library/PackageCache/com.unity.modules.timelinefoundation)
    com.unity.modules.ui@1.0.0 (location: /Users/ariq/Code/Unity Practice/Prac1/Library/PackageCache/com.unity.modules.ui)
    com.unity.modules.uielements@1.0.0 (location: /Users/ariq/Code/Unity Practice/Prac1/Library/PackageCache/com.unity.modules.uielements)
    com.unity.modules.umbra@1.0.0 (location: /Users/ariq/Code/Unity Practice/Prac1/Library/PackageCache/com.unity.modules.umbra)
    com.unity.modules.unityanalytics@1.0.0 (location: /Users/ariq/Code/Unity Practice/Prac1/Library/PackageCache/com.unity.modules.unityanalytics)
    com.unity.modules.unitywebrequest@1.0.0 (location: /Users/ariq/Code/Unity Practice/Prac1/Library/PackageCache/com.unity.modules.unitywebrequest)
    com.unity.modules.unitywebrequestassetbundle@1.0.0 (location: /Users/ariq/Code/Unity Practice/Prac1/Library/PackageCache/com.unity.modules.unitywebrequestassetbundle)
    com.unity.modules.unitywebrequestaudio@1.0.0 (location: /Users/ariq/Code/Unity Practice/Prac1/Library/PackageCache/com.unity.modules.unitywebrequestaudio)
    com.unity.modules.unitywebrequesttexture@1.0.0 (location: /Users/ariq/Code/Unity Practice/Prac1/Library/PackageCache/com.unity.modules.unitywebrequesttexture)
    com.unity.modules.unitywebrequestwww@1.0.0 (location: /Users/ariq/Code/Unity Practice/Prac1/Library/PackageCache/com.unity.modules.unitywebrequestwww)
    com.unity.modules.vectorgraphics@1.0.0 (location: /Users/ariq/Code/Unity Practice/Prac1/Library/PackageCache/com.unity.modules.vectorgraphics)
    com.unity.modules.vehicles@1.0.0 (location: /Users/ariq/Code/Unity Practice/Prac1/Library/PackageCache/com.unity.modules.vehicles)
    com.unity.modules.video@1.0.0 (location: /Users/ariq/Code/Unity Practice/Prac1/Library/PackageCache/com.unity.modules.video)
    com.unity.modules.wind@1.0.0 (location: /Users/ariq/Code/Unity Practice/Prac1/Library/PackageCache/com.unity.modules.wind)
    com.unity.modules.xr@1.0.0 (location: /Users/ariq/Code/Unity Practice/Prac1/Library/PackageCache/com.unity.modules.xr)
    com.unity.modules.subsystems@1.0.0 (location: /Users/ariq/Code/Unity Practice/Prac1/Library/PackageCache/com.unity.modules.subsystems)
    com.unity.modules.hierarchycore@1.0.0 (location: /Users/ariq/Code/Unity Practice/Prac1/Library/PackageCache/com.unity.modules.hierarchycore)
    com.unity.ext.nunit@2.1.0 (location: /Users/ariq/Code/Unity Practice/Prac1/Library/PackageCache/com.unity.ext.nunit@0198eae3b53e)
    com.unity.render-pipelines.core@17.6.0 (location: /Users/ariq/Code/Unity Practice/Prac1/Library/PackageCache/com.unity.render-pipelines.core@2d66c71e606e)
    com.unity.shadergraph@17.6.0 (location: /Users/ariq/Code/Unity Practice/Prac1/Library/PackageCache/com.unity.shadergraph@ef6135652377)
    com.unity.render-pipelines.universal-config@17.6.0 (location: /Users/ariq/Code/Unity Practice/Prac1/Library/PackageCache/com.unity.render-pipelines.universal-config@561422b74439)
    com.unity.graph-authoring@1.0.0 (location: /Users/ariq/Code/Unity Practice/Prac1/Library/PackageCache/com.unity.graph-authoring@cfd2588851ee)
    com.unity.burst@2.0.0 (location: /Users/ariq/Code/Unity Practice/Prac1/Library/PackageCache/com.unity.burst@626e66ab421b)
    com.unity.collections@6.6.0 (location: /Users/ariq/Code/Unity Practice/Prac1/Library/PackageCache/com.unity.collections@10fff0607388)
    com.unity.test-framework.performance@6.6.0 (location: /Users/ariq/Code/Unity Practice/Prac1/Library/PackageCache/com.unity.test-framework.performance@0a60b857a52e)
[Subsystems] Looking for new subsystems at path /Users/ariq/Code/Unity Practice/Prac1/Library/PackageCache/com.unity.xr.openxr@b5b77b4027be
[Subsystems] Novel subsystem found at Library/PackageCache/com.unity.xr.openxr@b5b77b4027be/Runtime/UnitySubsystemsManifest.json
[Subsystems] Discovering subsystems at path /Applications/Unity/Hub/Editor/6000.6.0f1/Unity.app/Contents/Resources/UnitySubsystems
[Subsystems] Discovering subsystems at path /Users/ariq/Code/Unity Practice/Prac1/Assets
[Subsystems] Discovering subsystems at path /Users/ariq/Code/Unity Practice/Prac1/Library/PackageCache/com.unity.xr.openxr@b5b77b4027be
[Subsystems] No descriptors matched for  examples in Library/PackageCache/com.unity.xr.openxr@b5b77b4027be/Runtime/UnitySubsystemsManifest.json.
[Subsystems] 1 'inputs' descriptors matched in Library/PackageCache/com.unity.xr.openxr@b5b77b4027be/Runtime/UnitySubsystemsManifest.json
[Subsystems] 1 'displays' descriptors matched in Library/PackageCache/com.unity.xr.openxr@b5b77b4027be/Runtime/UnitySubsystemsManifest.json
[Subsystems] No descriptors matched for  meshings in Library/PackageCache/com.unity.xr.openxr@b5b77b4027be/Runtime/UnitySubsystemsManifest.json.
[Package Manager] Done registering packages in 0.01 seconds
Starting: /Applications/Unity/Hub/Editor/6000.6.0f1/Unity.app/Contents/Resources/BuildPipeline/bee_backend --ipc --defer-dag-verification --dagfile="Library/Bee/200b0aE.dag" --continue-on-failure --profile="Library/Bee/backend1.traceevents" ScriptAssemblies
WorkingDir: /Users/ariq/Code/Unity Practice/Prac1
warn: Unity.ILPP.Runner.PostProcessingAssemblyLoadContext[0]
      Assembly system.runtime.interopservices.windowsruntime has duplicate hint path. Ignoring "/Applications/Unity/Hub/Editor/6000.6.0f1/Unity.app/Contents/Resources/Scripting/NetStandard/Extensions/2.0.0/System.Runtime.InteropServices.WindowsRuntime.dll" in favor of "/Applications/Unity/Hub/Editor/6000.6.0f1/Unity.app/Contents/Resources/Scripting/UnityReferenceAssemblies/unity-4.8-api/Facades/System.Runtime.InteropServices.WindowsRuntime.dll"
warn: Unity.ILPP.Runner.PostProcessingAssemblyLoadContext[0]
      Assembly system.componentmodel.composition has duplicate hint path. Ignoring "/Applications/Unity/Hub/Editor/6000.6.0f1/Unity.app/Contents/Resources/Scripting/NetStandard/compat/2.1.0/shims/netfx/System.ComponentModel.Composition.dll" in favor of "/Applications/Unity/Hub/Editor/6000.6.0f1/Unity.app/Contents/Resources/Scripting/UnityReferenceAssemblies/unity-4.8-api/System.ComponentModel.Composition.dll"
ExitCode: 0 Duration: 0s319ms
[ 872/1161  0s] ILPP-Configuration Library/ilpp-configuration.nevergeneratedoutput
*** Tundra build success (0.30 seconds), 1 items updated, 1161 evaluated
AssetDatabase: script compilation time: 0.873042s
Total cache size 72315508
Total cache size after purge 72315508, took 00:00:00.0883535
Begin MonoManager ReloadAssembly
Symbol file LoadedFromMemory is not a mono symbol file
'Packages/com.unity.render-pipelines.core/Editor/Deprecated.cs' contains partial class of Unity.Object, exactly 1 of the partial classes needs to be in a file with the same filename. This is to know the one that can be referenced from ie. GameObjects
'Packages/com.unity.render-pipelines.core/Editor/Deprecated.cs' contains partial class of Unity.Object, exactly 1 of the partial classes needs to be in a file with the same filename. This is to know the one that can be referenced from ie. GameObjects
Refreshing native plugins compatible for Editor in 4.37 ms, found 9 plugins.
Native extension for OSXStandalone target not found
Native extension for WebGL target not found
Start HTTP server: port:7800
ScheduleIndexationOnStartup MainProcess:True IndexOnStartup:True
Scripting: successfully reloaded assembly
- Finished resetting the current domain, in  0.924 seconds
Domain Reload Profiling: 1418ms
	BeginReloadAssembly (98ms)
		DisableScriptedObjects (8ms)
		CreateAndSetChildDomain (27ms)
	RebuildCommonClasses (4ms)
	RebuildNativeTypeToScriptingClass (7ms)
	initialDomainReloadingComplete (34ms)
	LoadAllAssembliesAndSetupDomain (351ms)
		LoadAssemblies (158ms)
		TypeCache.Refresh (129ms)
			TypeCache.ScanAssembly (117ms)
		AnalyzeDomain (34ms)
			BuildScriptInfoCaches (30ms)
			ResolveRequiredComponents (3ms)
	FinalizeReload (924ms)
		SetupLoadedEditorAssemblies (0ms)
			BeforeProcessingInitializeOnLoad (44ms)
			ProcessInitializeOnLoadAttributes (636ms)
			ProcessInitializeOnLoadMethodAttributes (43ms)
		AwakeInstancesAfterBackupRestoration (8ms)
Starting new worker id: 0 with log in /Users/ariq/Code/Unity Practice/Prac1/Logs/AssetImportWorkerHW0.log

Asset Pipeline Refresh (id=6a4551b842fa04a1ba5f400e1f9148a3): Total: 2.991 seconds - Initiated by InitialRefreshV2(ForceSynchronousImport)
	(Values over 0.05ms)
	Summary:
		Imports: total=0 (actual=0, local cache=0, cache server=0)
		Asset DB Process Time: managed=0 ms, native=1543 ms
		Asset DB Callback time: managed=20 ms, native=8 ms
		Scripting: domain reloads=1, domain reload time=514 ms, compile time=874 ms, other=31 ms
		Project Asset Count: scripts=1605, non-scripts=2369
		Asset File Changes: new=0, changed=0, moved=0, deleted=0
		Scan Filter Count: 1
	InvokePackagesCallback: 8.682ms
	ApplyChangesToAssetFolders: 0.200ms
	Scan: 392.142ms
	Collect global state as custom dependencies: 10.271ms
	CategorizeScriptCompilationAssets: 36.936ms
	ProcessAssetsWithTransientArtifactChanges: 32.586ms
	CategorizeAssets: 42.482ms
	CompileScripts: 873.566ms
	ImportOutOfDateAssets: 935.180ms (932.683ms without children)
		UnloadImportedAssets: 0.640ms
		EnsureUptoDateAssetsAreRegisteredWithGuidPM: 0.383ms
		ImportSchedulerStart: 1.450ms
	PostProcessAllAssets: 20.095ms
		MonoPostProcessAllAssets: 20.068ms
			UniversalRenderPipelineGlobalSettingsPostprocessor.OnPostprocessAllAssets 8.384ms
			SyncVS.PostprocessSyncProject 4.477ms
			SpeedTree9Postprocessor.OnPostprocessAllAssets 0.763ms
			WindowAssetPostprocessingWatcher.OnPostprocessAllAssets 0.743ms
			EditModeScopePostprocessor.OnPostprocessAllAssets 0.352ms
			RenderPipelineGlobalSettingsPostprocessor.OnPostprocessAllAssets 0.277ms
			ShaderReflectionAssetPostProcessor.OnPostprocessAllAssets 0.229ms
			InputActionAssetPostprocessor.OnPostprocessAllAssets 0.107ms
			ReferencedClipsPostProcessor.OnPostprocessAllAssets 0.107ms
			TerrainToolbarOverlayPostProcessor.OnPostprocessAllAssets 0.076ms
			ProjectSettingsPostprocessor.OnPostprocessAllAssets 0.074ms
			AssetDatabaseCallbacks.OnPostprocessAllAssets 0.057ms
	UnloadStreamsBegin: 2.777ms
	PersistCurrentRevisions: 0.076ms
	GenerateScriptTypeHashes: 0.670ms
	GenerateScriptTypeSerializationHashes: 1.279ms
	Untracked: 634.290ms

Application.AssetDatabase Initial Refresh End
Shader Hidden/ChartRasterizerHardware is not supported: GPU does not support conservative rasterization
Launching external process: /Applications/Unity/Hub/Editor/6000.6.0f1/Unity.app/Contents/Helpers/UnityShaderCompiler
Launched and connected shader compiler UnityShaderCompiler after 0.06 seconds
Shader Hidden/ChartRasterizerHardware is not supported: GPU does not support conservative rasterization
Scanning for USB devices : 0.020ms
Initializing Unity extensions:
[MODES] ModeService[none].Initialize
[MODES] ModeService[none].LoadModes
[MODES] Loading mode Default (0) for mode-current-id-Prac1
2026-10-04 23:14:01.542 Unity[45038:39531193] NSEventModifierFlagFunction specified to -setKeyEquivalentModifierMask: for item <NSMenuItem: 0xc9b058000 SDF, ke='Command-F12'>, but is only supported for system-provided menu items; will not be used
Unloading 63 Unused Serialized files (Serialized files now loaded: 0)
Loaded scene 'Assets/Scenes/SampleScene.unity'
	Deserialize:            3.449 ms
	Integration:            15.247 ms
	Integration of assets:  0.004 ms
	Thread Wait Time:       0.011 ms
	Total Operation Time:   18.711 ms
Unloading 7406 unused Assets / (8.0 MB). Loaded Objects now: 8483.
Memory consumption went from 279.2 MB to 271.2 MB.
Total: 15.179042 ms (FindLiveObjects: 0.378000 ms CreateObjectMapping: 0.127917 ms MarkObjects: 12.625542 ms  DeleteObjects: 1.958083 ms)

[LAYOUT] About to load UserSettings/Layouts/default-6000.dwlt, keepMainWindow=False
[LAYOUT] About to save layout /Users/ariq/Code/Unity Practice/Prac1/UserSettings/Layouts/default-6000.dwlt
[LAYOUT] About to save layout /Users/ariq/Library/Preferences/Unity/Editor-5.x/Layouts/current/default-6000.dwlt
[MODES] ModeService[default].InitializeCurrentMode
[MODES] ModeService[default].RaiseModeChanged(default, default)
[Project] Loading completed in 6.627 seconds
	Project init time: 				0.000 seconds
		Template init time: 		0.000 seconds
		Package Manager init time: 		0.000 seconds
		Asset Database init time: 		0.000 seconds
		Global illumination init time: 	0.000 seconds
		Assemblies load time: 			0.000 seconds
		Unity extensions init time: 	0.000 seconds
		Asset Database refresh time: 	0.000 seconds
	Scene opening time: 			0.000 seconds
##utp:{"type":"ProjectInfo","version":2,"phase":"Immediate","time":1791116042230,"processId":45038,"projectLoad":6.626737708,"projectInit":0.0,"templateInit":0.0,"packageManagerInit":0.0,"assetDatabaseInit":0.0,"globalIlluminationInit":0.0,"assembliesLoad":0.0,"unityExtensionsInit":0.0,"assetDatabaseRefresh":0.0,"sceneOpening":0.0}
##utp:{"type":"EditorInfo","version":2,"phase":"Immediate","time":1791116042230,"processId":45038,"editorVersion":"6000.6.0f1 (f7f8ed4d1e24)","branch":"6000.6/respin/6000.6.0f1-fa21a270ab12","buildType":"Release","platform":"OSX"}
Subscribe to USB device events
Worker ready: AssetImportWorkerHW0 0
Start Indexing on Editor startup
[Indexing] Starting Initial Indexing for Assets
GPU Resident Drawer created.
Created GICache directory at /Users/ariq/Library/Caches/com.unity3d.UnityEditor/GiCache. Took: 0.017s, timestamps: [6.642 - 6.659]
[Licensing::Client] Successfully resolved entitlement details
[Licensing::Client] Successfully resolved entitlement details
[Licensing::Client] Successfully resolved entitlement details
[Licensing::Client] Successfully resolved entitlement details
[Licensing::Client] Successfully resolved entitlement details
[Licensing::Client] Successfully updated the access token
[Licensing::Module] Successfully updated access token: "sgw8wr4O"... (expires: 2026-10-04T14:12:36Z)
[Licensing::Client] Successfully resolved entitlement details
Asset Pipeline Refresh (id=0ac933e56b5e847548b600928ac4092d): Total: 0.121 seconds - Initiated by RefreshV2(AllowForceSynchronousImport)
TrimDiskCacheJob: Current cache size 0mb
Asset Pipeline Refresh (id=c509370695d4c4488807641c71db28e1): Total: 0.072 seconds - Initiated by RefreshV2(AllowForceSynchronousImport)
2026-10-04 23:14:46.331 Unity[45038:39531193] NSEventModifierFlagFunction specified to -setKeyEquivalentModifierMask: for item <NSMenuItem: 0xc9b059cc0 SDF, ke='Command-F12'>, but is only supported for system-provided menu items; will not be used
Asset Pipeline Refresh (id=4c722e4f27f4444b69bd9f9eb9c23beb): Total: 0.071 seconds - Initiated by RefreshV2(AllowForceSynchronousImport)
Asset Pipeline Refresh (id=c2c3774fb08fb4575b2565cf10451c33): Total: 0.076 seconds - Initiated by RefreshV2(AllowForceSynchronousImport)
[Licensing::Client] Successfully resolved entitlement details
2026-10-04 23:15:10.982 Unity[45038:39531193] NSEventModifierFlagFunction specified to -setKeyEquivalentModifierMask: for item <NSMenuItem: 0xc95f80d20 UI Toolkit Debugger, ke='Command-F5'>, but is only supported for system-provided menu items; will not be used
[Licensing::Client] Successfully resolved entitlement details
[Licensing::Client] Successfully resolved entitlement details
[Licensing::Client] Successfully resolved entitlement details
2026-10-04 23:15:27.089 Unity[45038:39531193] NSEventModifierFlagFunction specified to -setKeyEquivalentModifierMask: for item <NSMenuItem: 0xc9b061d60 SDF, ke='Command-F12'>, but is only supported for system-provided menu items; will not be used
2026-10-04 23:15:27.093 Unity[45038:39531193] NSEventModifierFlagFunction specified to -setKeyEquivalentModifierMask: for item <NSMenuItem: 0xc9b061720 SDF, ke='Command-F12'>, but is only supported for system-provided menu items; will not be used
2026-10-04 23:15:27.095 Unity[45038:39531193] NSEventModifierFlagFunction specified to -setKeyEquivalentModifierMask: for item <NSMenuItem: 0xc9b04dfe0 SDF, ke='Command-F12'>, but is only supported for system-provided menu items; will not be used
2026-10-04 23:15:27.098 Unity[45038:39531193] NSEventModifierFlagFunction specified to -setKeyEquivalentModifierMask: for item <NSMenuItem: 0xc9a34e800 SDF, ke='Command-F12'>, but is only supported for system-provided menu items; will not be used
2026-10-04 23:15:27.101 Unity[45038:39531193] NSEventModifierFlagFunction specified to -setKeyEquivalentModifierMask: for item <NSMenuItem: 0xc95f12e40 SDF, ke='Command-F12'>, but is only supported for system-provided menu items; will not be used
2026-10-04 23:15:27.103 Unity[45038:39531193] NSEventModifierFlagFunction specified to -setKeyEquivalentModifierMask: for item <NSMenuItem: 0xc9b061ea0 SDF, ke='Command-F12'>, but is only supported for system-provided menu items; will not be used
[Package Manager] Done resolving packages in 0.25 seconds
[Licensing::Client] Successfully resolved entitlement details
[Package Manager] Registered 66 packages:
  Packages from [https://packages.unity.com]:
    com.unity.ai.navigation@2.0.14 (location: /Users/ariq/Code/Unity Practice/Prac1/Library/PackageCache/com.unity.ai.navigation@134dd6a3b97b)
    com.unity.collab-proxy@2.13.6 (location: /Users/ariq/Code/Unity Practice/Prac1/Library/PackageCache/com.unity.collab-proxy@4628d2ba6ea4)
    com.unity.ide.rider@3.0.38 (location: /Users/ariq/Code/Unity Practice/Prac1/Library/PackageCache/com.unity.ide.rider@1f60b3138684)
    com.unity.ide.visualstudio@2.0.26 (location: /Users/ariq/Code/Unity Practice/Prac1/Library/PackageCache/com.unity.ide.visualstudio@a99d56dec63f)
    com.unity.inputsystem@1.20.0 (location: /Users/ariq/Code/Unity Practice/Prac1/Library/PackageCache/com.unity.inputsystem@7a4e1a2a8194)
    com.unity.pipeline@0.8.0-exp.1 (location: /Users/ariq/Code/Unity Practice/Prac1/Library/PackageCache/com.unity.pipeline@62c08c808737)
    com.unity.visualscripting@1.9.12 (location: /Users/ariq/Code/Unity Practice/Prac1/Library/PackageCache/com.unity.visualscripting@4edfcc09512f)
    com.unity.xr.management@4.7.0 (location: /Users/ariq/Code/Unity Practice/Prac1/Library/PackageCache/com.unity.xr.management@2ad85c7dd480)
    com.unity.xr.mock-hmd@1.5.0-exp.3 (location: /Users/ariq/Code/Unity Practice/Prac1/Library/PackageCache/com.unity.xr.mock-hmd@1ea35c8fc657)
    com.unity.xr.openxr@1.18.0 (location: /Users/ariq/Code/Unity Practice/Prac1/Library/PackageCache/com.unity.xr.openxr@b5b77b4027be)
    com.unity.xr.core-utils@2.6.0 (location: /Users/ariq/Code/Unity Practice/Prac1/Library/PackageCache/com.unity.xr.core-utils@a8b900321199)
    com.unity.xr.legacyinputhelpers@3.0.1 (location: /Users/ariq/Code/Unity Practice/Prac1/Library/PackageCache/com.unity.xr.legacyinputhelpers@3f62d634f63b)
    com.unity.nuget.mono-cecil@1.11.6 (location: /Users/ariq/Code/Unity Practice/Prac1/Library/PackageCache/com.unity.nuget.mono-cecil@ecb9724e46ff)
    com.unity.nuget.newtonsoft-json@3.2.2 (location: /Users/ariq/Code/Unity Practice/Prac1/Library/PackageCache/com.unity.nuget.newtonsoft-json@4dfd81071c64)
    com.unity.searcher@4.9.5 (location: /Users/ariq/Code/Unity Practice/Prac1/Library/PackageCache/com.unity.searcher@a463122f2c00)
    com.unity.profiling.core@1.0.3 (location: /Users/ariq/Code/Unity Practice/Prac1/Library/PackageCache/com.unity.profiling.core@8a49f7027d06)
  Built-in packages:
    com.unity.render-pipelines.universal@17.6.0 (location: /Users/ariq/Code/Unity Practice/Prac1/Library/PackageCache/com.unity.render-pipelines.universal@8457e85b8184)
    com.unity.test-framework@1.8.0 (location: /Users/ariq/Code/Unity Practice/Prac1/Library/PackageCache/com.unity.test-framework@7a3849e09bd0)
    com.unity.timeline@6.6.0 (location: /Users/ariq/Code/Unity Practice/Prac1/Library/PackageCache/com.unity.timeline@281d5f7e7d7d)
    com.unity.ugui@2.6.0 (location: /Users/ariq/Code/Unity Practice/Prac1/Library/PackageCache/com.unity.ugui@23caec89ae27)
    com.unity.modules.accessibility@1.0.0 (location: /Users/ariq/Code/Unity Practice/Prac1/Library/PackageCache/com.unity.modules.accessibility)
    com.unity.modules.adaptiveperformance@1.0.0 (location: /Users/ariq/Code/Unity Practice/Prac1/Library/PackageCache/com.unity.modules.adaptiveperformance)
    com.unity.modules.ai@1.0.0 (location: /Users/ariq/Code/Unity Practice/Prac1/Library/PackageCache/com.unity.modules.ai)
    com.unity.modules.androidjni@1.0.0 (location: /Users/ariq/Code/Unity Practice/Prac1/Library/PackageCache/com.unity.modules.androidjni)
    com.unity.modules.animation@1.0.0 (location: /Users/ariq/Code/Unity Practice/Prac1/Library/PackageCache/com.unity.modules.animation)
    com.unity.modules.assetbundle@1.0.0 (location: /Users/ariq/Code/Unity Practice/Prac1/Library/PackageCache/com.unity.modules.assetbundle)
    com.unity.modules.audio@1.0.0 (location: /Users/ariq/Code/Unity Practice/Prac1/Library/PackageCache/com.unity.modules.audio)
    com.unity.modules.cloth@1.0.0 (location: /Users/ariq/Code/Unity Practice/Prac1/Library/PackageCache/com.unity.modules.cloth)
    com.unity.modules.director@1.0.0 (location: /Users/ariq/Code/Unity Practice/Prac1/Library/PackageCache/com.unity.modules.director)
    com.unity.modules.imageconversion@1.0.0 (location: /Users/ariq/Code/Unity Practice/Prac1/Library/PackageCache/com.unity.modules.imageconversion)
    com.unity.modules.imgui@1.0.0 (location: /Users/ariq/Code/Unity Practice/Prac1/Library/PackageCache/com.unity.modules.imgui)
    com.unity.modules.jsonserialize@1.0.0 (location: /Users/ariq/Code/Unity Practice/Prac1/Library/PackageCache/com.unity.modules.jsonserialize)
    com.unity.modules.particlesystem@1.0.0 (location: /Users/ariq/Code/Unity Practice/Prac1/Library/PackageCache/com.unity.modules.particlesystem)
    com.unity.modules.physics@1.0.0 (location: /Users/ariq/Code/Unity Practice/Prac1/Library/PackageCache/com.unity.modules.physics)
    com.unity.modules.physics2d@1.0.0 (location: /Users/ariq/Code/Unity Practice/Prac1/Library/PackageCache/com.unity.modules.physics2d)
    com.unity.modules.physicscore2d@1.0.0 (location: /Users/ariq/Code/Unity Practice/Prac1/Library/PackageCache/com.unity.modules.physicscore2d)
    com.unity.modules.screencapture@1.0.0 (location: /Users/ariq/Code/Unity Practice/Prac1/Library/PackageCache/com.unity.modules.screencapture)
    com.unity.modules.terrain@1.0.0 (location: /Users/ariq/Code/Unity Practice/Prac1/Library/PackageCache/com.unity.modules.terrain)
    com.unity.modules.terrainphysics@1.0.0 (location: /Users/ariq/Code/Unity Practice/Prac1/Library/PackageCache/com.unity.modules.terrainphysics)
    com.unity.modules.tetgen@1.0.0 (location: /Users/ariq/Code/Unity Practice/Prac1/Library/PackageCache/com.unity.modules.tetgen)
    com.unity.modules.tilemap@1.0.0 (location: /Users/ariq/Code/Unity Practice/Prac1/Library/PackageCache/com.unity.modules.tilemap)
    com.unity.modules.timelinefoundation@1.0.0 (location: /Users/ariq/Code/Unity Practice/Prac1/Library/PackageCache/com.unity.modules.timelinefoundation)
    com.unity.modules.ui@1.0.0 (location: /Users/ariq/Code/Unity Practice/Prac1/Library/PackageCache/com.unity.modules.ui)
    com.unity.modules.uielements@1.0.0 (location: /Users/ariq/Code/Unity Practice/Prac1/Library/PackageCache/com.unity.modules.uielements)
    com.unity.modules.umbra@1.0.0 (location: /Users/ariq/Code/Unity Practice/Prac1/Library/PackageCache/com.unity.modules.umbra)
    com.unity.modules.unityanalytics@1.0.0 (location: /Users/ariq/Code/Unity Practice/Prac1/Library/PackageCache/com.unity.modules.unityanalytics)
    com.unity.modules.unitywebrequest@1.0.0 (location: /Users/ariq/Code/Unity Practice/Prac1/Library/PackageCache/com.unity.modules.unitywebrequest)
    com.unity.modules.unitywebrequestassetbundle@1.0.0 (location: /Users/ariq/Code/Unity Practice/Prac1/Library/PackageCache/com.unity.modules.unitywebrequestassetbundle)
    com.unity.modules.unitywebrequestaudio@1.0.0 (location: /Users/ariq/Code/Unity Practice/Prac1/Library/PackageCache/com.unity.modules.unitywebrequestaudio)
    com.unity.modules.unitywebrequesttexture@1.0.0 (location: /Users/ariq/Code/Unity Practice/Prac1/Library/PackageCache/com.unity.modules.unitywebrequesttexture)
    com.unity.modules.unitywebrequestwww@1.0.0 (location: /Users/ariq/Code/Unity Practice/Prac1/Library/PackageCache/com.unity.modules.unitywebrequestwww)
    com.unity.modules.vectorgraphics@1.0.0 (location: /Users/ariq/Code/Unity Practice/Prac1/Library/PackageCache/com.unity.modules.vectorgraphics)
    com.unity.modules.vehicles@1.0.0 (location: /Users/ariq/Code/Unity Practice/Prac1/Library/PackageCache/com.unity.modules.vehicles)
    com.unity.modules.video@1.0.0 (location: /Users/ariq/Code/Unity Practice/Prac1/Library/PackageCache/com.unity.modules.video)
    com.unity.modules.wind@1.0.0 (location: /Users/ariq/Code/Unity Practice/Prac1/Library/PackageCache/com.unity.modules.wind)
    com.unity.modules.xr@1.0.0 (location: /Users/ariq/Code/Unity Practice/Prac1/Library/PackageCache/com.unity.modules.xr)
    com.unity.modules.subsystems@1.0.0 (location: /Users/ariq/Code/Unity Practice/Prac1/Library/PackageCache/com.unity.modules.subsystems)
    com.unity.modules.hierarchycore@1.0.0 (location: /Users/ariq/Code/Unity Practice/Prac1/Library/PackageCache/com.unity.modules.hierarchycore)
    com.unity.ext.nunit@2.1.0 (location: /Users/ariq/Code/Unity Practice/Prac1/Library/PackageCache/com.unity.ext.nunit@0198eae3b53e)
    com.unity.render-pipelines.core@17.6.0 (location: /Users/ariq/Code/Unity Practice/Prac1/Library/PackageCache/com.unity.render-pipelines.core@2d66c71e606e)
    com.unity.shadergraph@17.6.0 (location: /Users/ariq/Code/Unity Practice/Prac1/Library/PackageCache/com.unity.shadergraph@ef6135652377)
    com.unity.render-pipelines.universal-config@17.6.0 (location: /Users/ariq/Code/Unity Practice/Prac1/Library/PackageCache/com.unity.render-pipelines.universal-config@561422b74439)
    com.unity.graph-authoring@1.0.0 (location: /Users/ariq/Code/Unity Practice/Prac1/Library/PackageCache/com.unity.graph-authoring@cfd2588851ee)
    com.unity.burst@2.0.0 (location: /Users/ariq/Code/Unity Practice/Prac1/Library/PackageCache/com.unity.burst@626e66ab421b)
    com.unity.collections@6.6.0 (location: /Users/ariq/Code/Unity Practice/Prac1/Library/PackageCache/com.unity.collections@10fff0607388)
    com.unity.test-framework.performance@6.6.0 (location: /Users/ariq/Code/Unity Practice/Prac1/Library/PackageCache/com.unity.test-framework.performance@0a60b857a52e)
[Subsystems] Looking for new subsystems at path /Users/ariq/Code/Unity Practice/Prac1/Library/PackageCache/com.unity.xr.mock-hmd@1ea35c8fc657
[Subsystems] Novel subsystem found at Library/PackageCache/com.unity.xr.mock-hmd@1ea35c8fc657/Runtime/UnitySubsystemsManifest.json
[Subsystems] Discovering subsystems at path /Applications/Unity/Hub/Editor/6000.6.0f1/Unity.app/Contents/Resources/UnitySubsystems
[Subsystems] Discovering subsystems at path /Users/ariq/Code/Unity Practice/Prac1/Assets
[Subsystems] Discovering subsystems at path /Users/ariq/Code/Unity Practice/Prac1/Library/PackageCache/com.unity.xr.mock-hmd@1ea35c8fc657
[Subsystems] No descriptors matched for  examples in Library/PackageCache/com.unity.xr.mock-hmd@1ea35c8fc657/Runtime/UnitySubsystemsManifest.json.
[Subsystems] 1 'inputs' descriptors matched in Library/PackageCache/com.unity.xr.mock-hmd@1ea35c8fc657/Runtime/UnitySubsystemsManifest.json
[Subsystems] 1 'displays' descriptors matched in Library/PackageCache/com.unity.xr.mock-hmd@1ea35c8fc657/Runtime/UnitySubsystemsManifest.json
[Subsystems] No descriptors matched for  meshings in Library/PackageCache/com.unity.xr.mock-hmd@1ea35c8fc657/Runtime/UnitySubsystemsManifest.json.
[Subsystems] Discovering subsystems at path /Users/ariq/Code/Unity Practice/Prac1/Library/PackageCache/com.unity.xr.openxr@b5b77b4027be
[Subsystems] No descriptors matched for  examples in Library/PackageCache/com.unity.xr.openxr@b5b77b4027be/Runtime/UnitySubsystemsManifest.json.
[Subsystems] 1 'inputs' descriptors matched in Library/PackageCache/com.unity.xr.openxr@b5b77b4027be/Runtime/UnitySubsystemsManifest.json
[Subsystems] 1 'displays' descriptors matched in Library/PackageCache/com.unity.xr.openxr@b5b77b4027be/Runtime/UnitySubsystemsManifest.json
[Subsystems] No descriptors matched for  meshings in Library/PackageCache/com.unity.xr.openxr@b5b77b4027be/Runtime/UnitySubsystemsManifest.json.
[Package Manager] Done registering packages in 0.02 seconds
Refreshing native plugins compatible for Editor in 4.70 ms, found 10 plugins.
[ScriptCompilation] Requested script compilation because: Assembly Definition File(s) changed
[ScriptCompilation] Requested script compilation because: AssetDatabase observed changes in script compilation related files
[Licensing::Client] Successfully resolved entitlement details
Starting: /Applications/Unity/Hub/Editor/6000.6.0f1/Unity.app/Contents/Resources/BuildPipeline/bee_backend --ipc --defer-dag-verification --dagfile="Library/Bee/200b0aE.dag" --continue-on-failure --profile="Library/Bee/backend1.traceevents" ScriptAssemblies
WorkingDir: /Users/ariq/Code/Unity Practice/Prac1
Starting: /Applications/Unity/Hub/Editor/6000.6.0f1/Unity.app/Contents/Resources/Scripting/DotNetSdk/dotnet "/Applications/Unity/Hub/Editor/6000.6.0f1/Unity.app/Contents/Resources/BuildPipeline/ScriptCompilationBuildProgram.exe" "Library/Bee/200b0aE.dag.json" "Library/Bee/200b0aE-inputdata.json" "Library/Bee/buildprogram0.traceevents"
ExitCode: 4 Duration: 0s143ms
Rebuilding DAG because FileSignature timestamp changed: Library/Bee/200b0aE-inputdata.json
*** Tundra requires additional run (0.12 seconds), 0 items updated, 0 evaluated
WorkingDir: /Users/ariq/Code/Unity Practice/Prac1
ExitCode: 0 Duration: 1s162ms
Starting: /Applications/Unity/Hub/Editor/6000.6.0f1/Unity.app/Contents/Resources/BuildPipeline/bee_backend --ipc --defer-dag-verification --dagfile="Library/Bee/200b0aE.dag" --continue-on-failure --dagfilejson="Library/Bee/200b0aE.dag.json" --profile="Library/Bee/backend2.traceevents" ScriptAssemblies
WorkingDir: /Users/ariq/Code/Unity Practice/Prac1
ExitCode: 0 Duration: 1s218ms
Finished compiling graph: 1184 nodes, 27164 flattened edges (22568 ToBuild, 204 ToUse), maximum node priority 1427
[ 430/1181  0s] WriteText Library/Bee/artifacts/200b0aE.dag/Unity.XR.MockHMD.dll.mvfrm.rsp
[ 432/1181  0s] WriteText Library/Bee/artifacts/200b0aE.dag/Unity.XR.MockHMD.rsp2
[ 442/1181  0s] WriteText Library/Bee/artifacts/200b0aE.dag/Unity.XR.MockHMD.UnityAdditionalFile.txt
[ 443/1181  0s] WriteText Library/Bee/artifacts/200b0aE.dag/Unity.XR.MockHMD.rsp
[ 461/1181  0s] WriteText Library/Bee/artifacts/200b0aE.dag/Unity.XR.MockHMD.Editor.rsp2
[ 478/1181  0s] WriteText Library/Bee/artifacts/200b0aE.dag/Unity.XR.MockHMD.Editor.UnityAdditionalFile.txt
[ 516/1181  0s] WriteText Library/Bee/artifacts/200b0aE.dag/Unity.XR.MockHMD.Editor.dll.mvfrm.rsp
[ 530/1181  0s] WriteText Library/Bee/artifacts/200b0aE.dag/Unity.XR.MockHMD.Editor.rsp
[ 581/1181  0s] WriteText Library/Bee/artifacts/200b0aE.dag/Assembly-CSharp-Editor.dll.mvfrm.rsp
[ 582/1181  0s] WriteText Library/Bee/artifacts/200b0aE.dag/Assembly-CSharp.dll.mvfrm.rsp
[ 583/1181  0s] WriteText Library/Bee/artifacts/200b0aE.dag/Assembly-CSharp.rsp
[ 585/1181  0s] WriteText Library/Bee/artifacts/200b0aE.dag/Assembly-CSharp-Editor.rsp
[ 876/1181  0s] MovedFromExtractor-Combine Library/Bee/artifacts/200b0aE.dag/Unity.XR.MockHMD.dll.mvfrm
[           0s] Csc Library/Bee/artifacts/200b0aE.dag/Unity.XR.MockHMD.dll (+2 others) [CacheMiss 7031dc92e7c278dfa682e1d314667ded00000000000000000000000000000006]
[ 877/1181  0s] ILPP-Configuration Library/ilpp-configuration.nevergeneratedoutput
[1160/1181  0s] Csc Library/Bee/artifacts/200b0aE.dag/Unity.XR.MockHMD.dll (+2 others)
[           0s] Csc Library/Bee/artifacts/200b0aE.dag/Unity.XR.MockHMD.dll (+2 others) [CacheWrite 7031dc92e7c278dfa682e1d314667ded00000000000000000000000000000006]
[1161/1181  0s] MovedFromExtractor Library/Bee/artifacts/mvdfrm/Unity.XR.MockHMD.ref.dll_1ECD429CFF701C23.mvfrm
[1162/1181  0s] MovedFromExtractor-Combine Library/Bee/artifacts/200b0aE.dag/Unity.XR.MockHMD.Editor.dll.mvfrm
[           0s] Csc Library/Bee/artifacts/200b0aE.dag/Unity.XR.MockHMD.Editor.dll (+2 others) [CacheMiss 1e5eeed729b6f96dd9afc87dcb14791b00000000000000000000000000000006]
[1163/1181  0s] ILPostProcess Library/Bee/artifacts/200b0aE.dag/post-processed/Unity.XR.MockHMD.dll (+pdb)
Processing assembly Library/Bee/artifacts/200b0aE.dag/Unity.XR.MockHMD.dll, with 142 defines and 313 references
processors: Unity.Jobs.CodeGen.JobsILPostProcessor, Unity.Pipeline.CodeGen.CodeReloadInPlaceILPostProcessor, zzzUnity.Burst.CodeGen.BurstILPostProcessor
1 processor(s) skipped this assembly
running Unity.Jobs.CodeGen.JobsILPostProcessor
running Unity.Pipeline.CodeGen.CodeReloadInPlaceILPostProcessor
[1164/1181  0s] CopyFiles Library/ScriptAssemblies/Unity.XR.MockHMD.dll
[1165/1181  0s] CopyFiles Library/ScriptAssemblies/Unity.XR.MockHMD.pdb
[1166/1181  0s] Csc Library/Bee/artifacts/200b0aE.dag/Unity.XR.MockHMD.Editor.dll (+2 others)
[           0s] Csc Library/Bee/artifacts/200b0aE.dag/Unity.XR.MockHMD.Editor.dll (+2 others) [CacheWrite 1e5eeed729b6f96dd9afc87dcb14791b00000000000000000000000000000006]
[1167/1181  0s] MovedFromExtractor Library/Bee/artifacts/mvdfrm/Unity.XR.MockHMD.Editor.ref.dll_3B18CA2533D49EBE.mvfrm
[1168/1181  0s] ILPostProcess Library/Bee/artifacts/200b0aE.dag/post-processed/Unity.XR.MockHMD.Editor.dll (+pdb)
Processing assembly Library/Bee/artifacts/200b0aE.dag/Unity.XR.MockHMD.Editor.dll, with 141 defines and 324 references
processors: Unity.Jobs.CodeGen.JobsILPostProcessor, Unity.Pipeline.CodeGen.CodeReloadInPlaceILPostProcessor, zzzUnity.Burst.CodeGen.BurstILPostProcessor
1 processor(s) skipped this assembly
running Unity.Jobs.CodeGen.JobsILPostProcessor
running Unity.Pipeline.CodeGen.CodeReloadInPlaceILPostProcessor
[1169/1181  0s] CopyFiles Library/ScriptAssemblies/Unity.XR.MockHMD.Editor.pdb
[1170/1181  0s] CopyFiles Library/ScriptAssemblies/Unity.XR.MockHMD.Editor.dll
[1171/1181  0s] MovedFromExtractor-Combine Library/Bee/artifacts/200b0aE.dag/Assembly-CSharp.dll.mvfrm
[1172/1181  0s] MovedFromExtractor-Combine Library/Bee/artifacts/200b0aE.dag/Assembly-CSharp-Editor.dll.mvfrm
[1173/1181  0s] Csc Library/Bee/artifacts/200b0aE.dag/Assembly-CSharp.dll (+2 others)
[1174/1181  0s] ILPostProcess Library/Bee/artifacts/200b0aE.dag/post-processed/Assembly-CSharp.dll (+pdb)
Processing assembly Library/Bee/artifacts/200b0aE.dag/Assembly-CSharp.dll, with 142 defines and 382 references
processors: Unity.Jobs.CodeGen.JobsILPostProcessor, Unity.Pipeline.CodeGen.CodeReloadInPlaceILPostProcessor, zzzUnity.Burst.CodeGen.BurstILPostProcessor
1 processor(s) skipped this assembly
running Unity.Jobs.CodeGen.JobsILPostProcessor
running Unity.Pipeline.CodeGen.CodeReloadInPlaceILPostProcessor
[1175/1181  0s] CopyFiles Library/ScriptAssemblies/Assembly-CSharp.dll
[1176/1181  0s] CopyFiles Library/ScriptAssemblies/Assembly-CSharp.pdb
[1177/1181  0s] Csc Library/Bee/artifacts/200b0aE.dag/Assembly-CSharp-Editor.dll (+2 others)
[1178/1181  0s] ILPostProcess Library/Bee/artifacts/200b0aE.dag/post-processed/Assembly-CSharp-Editor.dll (+pdb)
Processing assembly Library/Bee/artifacts/200b0aE.dag/Assembly-CSharp-Editor.dll, with 140 defines and 405 references
processors: Unity.Jobs.CodeGen.JobsILPostProcessor, Unity.Pipeline.CodeGen.CodeReloadInPlaceILPostProcessor, zzzUnity.Burst.CodeGen.BurstILPostProcessor
1 processor(s) skipped this assembly
running Unity.Jobs.CodeGen.JobsILPostProcessor
running Unity.Pipeline.CodeGen.CodeReloadInPlaceILPostProcessor
[1179/1181  0s] CopyFiles Library/ScriptAssemblies/Assembly-CSharp-Editor.pdb
[1180/1181  0s] CopyFiles Library/ScriptAssemblies/Assembly-CSharp-Editor.dll
*** Tundra build success (1.20 seconds), 35 items updated, 1181 evaluated
Reloading assemblies after forced synchronous recompile.
Total cache size 72409508
Total cache size after purge 72409508, took 00:00:00.2289626
Begin MonoManager ReloadAssembly
GPU Resident Drawer disposed.
Thread 0x42b207000 may have been prematurely finalized
<CFData 0xc94f78730 [0x1ee869308]>{length = 6, capacity = 6, bytes = 0x5c9ba668af36}
Symbol file LoadedFromMemory is not a mono symbol file
Importing 'GUID: aea39cf404cc1d195d0b124d865a4cea - Path: Packages/com.unity.xr.mock-hmd' with importer (DefaultImporter)
Imported 'GUID: aea39cf404cc1d195d0b124d865a4cea' -> (Import Result ID: '6ea92982c4e5f286f9ad134b11e6f0c1') in 0.007 seconds [static dependencies only]. Details - ImportResultOutputID=3a9099b96755e6151dd74aeba5be3515 DependenciesID=44a53a5ff5a0bfedd8703bbeab21fb7d StaticDependenciesID=5e09ca13610ac6b001f2e58384de80e5 
Importing 'GUID: 30f851f36f4bc442d9f678de02d1834b - Path: Packages/com.unity.xr.mock-hmd/Runtime' with importer (DefaultImporter)
Imported 'GUID: 30f851f36f4bc442d9f678de02d1834b' -> (Import Result ID: '83ab596c5bb041e407fb7b0bc2c63af1') in 0.001 seconds [static dependencies only]. Details - ImportResultOutputID=d34cba3d70a16e624bb01a806907ce03 DependenciesID=1eeabe53b2e29a513dd84e06ab29eb95 StaticDependenciesID=455f7296a4ca72f7b2032e976387a0cb 
Importing 'GUID: 2891272beeae347b7bec5bc3d3c7f8e8 - Path: Packages/com.unity.xr.mock-hmd/Editor' with importer (DefaultImporter)
Imported 'GUID: 2891272beeae347b7bec5bc3d3c7f8e8' -> (Import Result ID: '208de2bbcb8b2565111bf27367b4e290') in 0.000 seconds [static dependencies only]. Details - ImportResultOutputID=99da733bced855c7b48657c0585bd7cc DependenciesID=d475067593d4736f12c97bb84a492839 StaticDependenciesID=27461f51a53121fa0d1a0ae80d9af99e 
Importing 'GUID: 0a09b40984f434e74ab6ec69a3cc26f3 - Path: Packages/com.unity.xr.mock-hmd/Tests' with importer (DefaultImporter)
Imported 'GUID: 0a09b40984f434e74ab6ec69a3cc26f3' -> (Import Result ID: 'a7d3d9dd08ed05e715347fb6e9637219') in 0.000 seconds [static dependencies only]. Details - ImportResultOutputID=04cf48f1913bcb4ce9469150a7dc17f4 DependenciesID=bc7a9ef80f7dafb1ead7a2f4867bd1ad StaticDependenciesID=33bf3831ef8d08d17ea6037192c8e1c9 
Importing 'GUID: 34bec1b484694669838fb26480d1ca3a - Path: Packages/com.unity.xr.mock-hmd/Runtime/ios' with importer (DefaultImporter)
Imported 'GUID: 34bec1b484694669838fb26480d1ca3a' -> (Import Result ID: '43f1b50ad637ab2eaa8a4f60affbd2ca') in 0.000 seconds [static dependencies only]. Details - ImportResultOutputID=c444253a301f02e6737ce2513807bd7a DependenciesID=fe0bc689908b80de79fefc5bda1aa249 StaticDependenciesID=bd3f8913fab77f37dd26f1144d6247de 
Importing 'GUID: 3572f15c2b5c4f0cb7a8a2d8cf635c7a - Path: Packages/com.unity.xr.mock-hmd/Runtime/windows' with importer (DefaultImporter)
Imported 'GUID: 3572f15c2b5c4f0cb7a8a2d8cf635c7a' -> (Import Result ID: '04dc65a76e8f9ab87761dd4bad3395d4') in 0.000 seconds [static dependencies only]. Details - ImportResultOutputID=4c2c0549e47e981d4e03f493e2684036 DependenciesID=19b940321f12e7f435ee1f85e74a28ad StaticDependenciesID=f04113470649d9bdfb02bf37fdb7a994 
Importing 'GUID: 263ebf2ce964246f4b56044e03840f9f - Path: Packages/com.unity.xr.mock-hmd/Tests/Editor' with importer (DefaultImporter)
Imported 'GUID: 263ebf2ce964246f4b56044e03840f9f' -> (Import Result ID: '0bf9b790e5a9c52f1f2125d175ca913d') in 0.000 seconds [static dependencies only]. Details - ImportResultOutputID=bf77bb7cf55a4555ce52ef6423f3883c DependenciesID=f1290250910a1f6305ccee0ce939547b StaticDependenciesID=a872a8606a547519c5c718778d70f1e2 
Importing 'GUID: 965b6306abb14c94a83226cf0bd0ce41 - Path: Packages/com.unity.xr.mock-hmd/Editor/MultiCamera' with importer (DefaultImporter)
Imported 'GUID: 965b6306abb14c94a83226cf0bd0ce41' -> (Import Result ID: '4c631aa12082efed6951aaf5724b21fe') in 0.000 seconds [static dependencies only]. Details - ImportResultOutputID=3cc064977b06d958c1af89893b877308 DependenciesID=fbf26a18b90468f83bb3a1f4f03b072d StaticDependenciesID=0bc39e684e6a4b42041055a6728a7f9c 
Importing 'GUID: 481de6b6afc441ec97e6e2594fd926da - Path: Packages/com.unity.xr.mock-hmd/Runtime/osx' with importer (DefaultImporter)
Imported 'GUID: 481de6b6afc441ec97e6e2594fd926da' -> (Import Result ID: 'ff4eb1373f94a4cf7eeda09a26c413a9') in 0.000 seconds [static dependencies only]. Details - ImportResultOutputID=76ca30e1235921992c9fb16dfa9d880f DependenciesID=e45a6d559a63fee7c6dbc8650c3c5444 StaticDependenciesID=51c13f69e7deb9cb63397aa678808aee 
Importing 'GUID: 1ea1010c2535e44d085dabdeb2ec759c - Path: Packages/com.unity.xr.mock-hmd/Tests/Runtime' with importer (DefaultImporter)
Imported 'GUID: 1ea1010c2535e44d085dabdeb2ec759c' -> (Import Result ID: '4d1a73aec0a4c42c11930d0063666402') in 0.000 seconds [static dependencies only]. Details - ImportResultOutputID=13ffa5c16b5b1d522cb9e2deec8f3afd DependenciesID=5b883c42b3993896ab3c4f40ade32d11 StaticDependenciesID=1f336185b1fca73fca3506d66dba6805 
Importing 'GUID: fe2e3064ce43401b953d932b5c29caf7 - Path: Packages/com.unity.xr.mock-hmd/Runtime/android' with importer (DefaultImporter)
Imported 'GUID: fe2e3064ce43401b953d932b5c29caf7' -> (Import Result ID: '9ff6de183fd2e6eb99485285aeca3067') in 0.000 seconds [static dependencies only]. Details - ImportResultOutputID=60b1f4d48ffd66d1f32470cc3872a311 DependenciesID=b2d4ca1675b312286281bf360c82e689 StaticDependenciesID=a821b4ec551678fb90895b85a2ec03f2 
Importing 'GUID: e19f8d5e1a68464a9d133c0be611004b - Path: Packages/com.unity.xr.mock-hmd/Runtime/osx/arm64' with importer (DefaultImporter)
Imported 'GUID: e19f8d5e1a68464a9d133c0be611004b' -> (Import Result ID: '1a9fb2946aef63a67d52eff24724b033') in 0.000 seconds [static dependencies only]. Details - ImportResultOutputID=bdc61da2a1c08c46ed186e8c27eac1b1 DependenciesID=c2c08c9737b3d5c2321bdb396ae29de5 StaticDependenciesID=00c0f5860a3005c6e74e46f4a9ae618e 
Importing 'GUID: c33e2d4274f64fe6bb3897445136f69b - Path: Packages/com.unity.xr.mock-hmd/Runtime/ios/arm64' with importer (DefaultImporter)
Imported 'GUID: c33e2d4274f64fe6bb3897445136f69b' -> (Import Result ID: '10554a5c7f14527501da9d42205f45d0') in 0.000 seconds [static dependencies only]. Details - ImportResultOutputID=798d8006762820f70f50e92fd2f14a84 DependenciesID=4252a2c5b0eb65904651742254927131 StaticDependenciesID=4bc0925b223f0c8891ff09b3f308c8ad 
Importing 'GUID: e767cc94e6dc41699bca6994dd41988e - Path: Packages/com.unity.xr.mock-hmd/Runtime/windows/x86' with importer (DefaultImporter)
Imported 'GUID: e767cc94e6dc41699bca6994dd41988e' -> (Import Result ID: '1c4e0af5dd6d1bd441b7d6ddb43856dd') in 0.000 seconds [static dependencies only]. Details - ImportResultOutputID=daec95e749f35544b43ac9b515a5e87e DependenciesID=a2a190105f30a15d46f6cfe27ee44d0f StaticDependenciesID=9a83708fe4bece870309ae2ab00ff8de 
Importing 'GUID: 1912d80f594347c48b34bedd384775e5 - Path: Packages/com.unity.xr.mock-hmd/Runtime/android/arm32' with importer (DefaultImporter)
Imported 'GUID: 1912d80f594347c48b34bedd384775e5' -> (Import Result ID: '212adccc2fa0a94de501c49cffb69494') in 0.000 seconds [static dependencies only]. Details - ImportResultOutputID=61c976d72a659c51489ebec0d54b565b DependenciesID=4267952ec6001ca860b809b7c0c560c1 StaticDependenciesID=af0f28f50b13542b766a76132e104d34 
Importing 'GUID: 796799cd37544b9f931592a7c2789a51 - Path: Packages/com.unity.xr.mock-hmd/Runtime/osx/x64' with importer (DefaultImporter)
Imported 'GUID: 796799cd37544b9f931592a7c2789a51' -> (Import Result ID: '40db67eea36785153b79d3b88644366b') in 0.000 seconds [static dependencies only]. Details - ImportResultOutputID=804b7e43c6f76186b82ee6e1f9c13291 DependenciesID=cb29bb5376ddd3aee0fdcd546d2d6a9f StaticDependenciesID=e9c7779bd693305eb631e7e4dc8434ce 
Importing 'GUID: fadaf32dfbc84c2a9b20e0c225c0b903 - Path: Packages/com.unity.xr.mock-hmd/Runtime/android/arm64' with importer (DefaultImporter)
Imported 'GUID: fadaf32dfbc84c2a9b20e0c225c0b903' -> (Import Result ID: 'ecccd395d952a7fb551d2d1f7e823c32') in 0.000 seconds [static dependencies only]. Details - ImportResultOutputID=9585c03c0d8914d82802b7af11c406af DependenciesID=23c29adce2289a1bfcb7e321af044099 StaticDependenciesID=adc4dbe6485cc571e10d0da2a6bcccac 
Importing 'GUID: 3c470321b31c4406a5079a3bf5fe233d - Path: Packages/com.unity.xr.mock-hmd/Runtime/windows/x64' with importer (DefaultImporter)
Imported 'GUID: 3c470321b31c4406a5079a3bf5fe233d' -> (Import Result ID: '90af3c961f6ed091310005a56a5356bb') in 0.000 seconds [static dependencies only]. Details - ImportResultOutputID=9010690fff0435edc70514ac296c362b DependenciesID=6de5b4ed0790dfe7f7e179fbe4a65c86 StaticDependenciesID=ba128af8c91fade4434adef34432c4b6 
Importing 'GUID: 300d793f358644dd6b0134b7520f0752 - Path: Packages/com.unity.xr.mock-hmd/Editor/Unity.XR.MockHMD.Editor.asmdef' with importer (AssemblyDefinitionImporter)
Imported 'GUID: 300d793f358644dd6b0134b7520f0752' -> (Import Result ID: '4303e4cb4c5d8515df96abf2c562e830') in 0.001 seconds [static dependencies only]. Details - ImportResultOutputID=a41f71e796eeb4ffe35cf02367347810 DependenciesID=fe7cfd4cf7f8af247a1d27db498c5aa9 StaticDependenciesID=4f3d45e851e308ebe2ac21050739e52d 
Importing 'GUID: 344c59e53e2aa435db7f183483734523 - Path: Packages/com.unity.xr.mock-hmd/Runtime/Unity.XR.MockHMD.asmdef' with importer (AssemblyDefinitionImporter)
Imported 'GUID: 344c59e53e2aa435db7f183483734523' -> (Import Result ID: '95497ec746cbe0b2119f057c403bd82a') in 0.000 seconds [static dependencies only]. Details - ImportResultOutputID=5c4ccc0723f08e962564ee818b83b804 DependenciesID=2b3aa7674b66992e7564b827bbac8eea StaticDependenciesID=0c8c6219bc0b358a5f3dc3245cd3e098 
Importing 'GUID: d67dbcba7ada34cbd8efdec62b17b438 - Path: Packages/com.unity.xr.mock-hmd/Tests/Runtime/Unity.XR.MockHMD.Tests.asmdef' with importer (AssemblyDefinitionImporter)
Imported 'GUID: d67dbcba7ada34cbd8efdec62b17b438' -> (Import Result ID: '7da5cbe228eda87a7fbee2005f8cc19c') in 0.000 seconds [static dependencies only]. Details - ImportResultOutputID=198c9079501920afb968f53af533f90b DependenciesID=55e2ab6c6748ccf612f9fb12a92be997 StaticDependenciesID=06e6328bf35223c936847de596fbf621 
Importing 'GUID: aea7ed1b6dc6745d5ae848b21159c170 - Path: Packages/com.unity.xr.mock-hmd/Tests/Editor/Unity.XR.MockHMD.Editor.Tests.asmdef' with importer (AssemblyDefinitionImporter)
Imported 'GUID: aea7ed1b6dc6745d5ae848b21159c170' -> (Import Result ID: '521bb53d783b3fe977881c2c9c0d6172') in 0.000 seconds [static dependencies only]. Details - ImportResultOutputID=1290b8cbbb4bc77c8c39f34db4e1325d DependenciesID=12921a94786b4dcd0a3f732e066971b6 StaticDependenciesID=0b8112db09e82255839b181c947f47cc 
Native extension for OSXStandalone target not found
Native extension for WebGL target not found
[MODES] ModeService[none].Initialize
[MODES] ModeService[none].LoadModes
2026-10-04 23:15:31.500 Unity[45038:39531193] NSEventModifierFlagFunction specified to -setKeyEquivalentModifierMask: for item <NSMenuItem: 0xc9b047de0 SDF, ke='Command-F12'>, but is only supported for system-provided menu items; will not be used
Start HTTP server: port:7800
ScheduleIndexationOnStartup MainProcess:True IndexOnStartup:True
Scripting: successfully reloaded assembly
- Finished resetting the current domain, in  1.396 seconds
Domain Reload Profiling: 2153ms
	BeginReloadAssembly (459ms)
		DisableScriptedObjects (94ms)
		CreateAndSetChildDomain (230ms)
	RebuildCommonClasses (4ms)
	RebuildNativeTypeToScriptingClass (8ms)
	initialDomainReloadingComplete (36ms)
	LoadAllAssembliesAndSetupDomain (250ms)
		LoadAssemblies (87ms)
		TypeCache.Refresh (11ms)
		AnalyzeDomain (121ms)
			BuildScriptInfoCaches (113ms)
			ResolveRequiredComponents (4ms)
	FinalizeReload (1397ms)
		SetupLoadedEditorAssemblies (0ms)
			BeforeProcessingInitializeOnLoad (118ms)
			ProcessInitializeOnLoadAttributes (689ms)
			ProcessInitializeOnLoadMethodAttributes (29ms)
		AwakeInstancesAfterBackupRestoration (376ms)
Importing 'GUID: 00000000000000009000000000000000 - Path: ProjectSettings/QualitySettings.asset' with importer (LibraryAssetImporter)
Imported 'GUID: 00000000000000009000000000000000' -> (Import Result ID: '8151b601d05d3e12de314c2aa1f82962') in 0.000 seconds [static dependencies only]. Details - ImportResultOutputID=2a108b3da874f726c62fbe5f12be4a8a DependenciesID=6180c49ef29638684367d2893c04e070 StaticDependenciesID=5b19720d9149525484b40148944c8e26 
Importing 'GUID: 34cadc1c15d954c92adf19da8607ec31 - Path: Assets/XR/Settings/MockHMDBuildSettings.asset' with importer (NativeFormatImporter)
Imported 'GUID: 34cadc1c15d954c92adf19da8607ec31' -> (Import Result ID: 'cbcd0bb81b80a396f61ecd71f0fe689b') in 0.001 seconds [static dependencies only]. Details - ImportResultOutputID=de46ad502981009422651861a471970a DependenciesID=f34248902877f8b4b5fc77966ba8e60f StaticDependenciesID=9ff4c414e7e8a8d67483d92c95c200ba 
Importing 'GUID: 80dac53acb2e3447ba24d6703cd7a1e4 - Path: Packages/com.unity.xr.mock-hmd/package.json' with importer (PackageManifestImporter)
Imported 'GUID: 80dac53acb2e3447ba24d6703cd7a1e4' -> (Import Result ID: '116db9324a7748530074387df481030a') in 0.000 seconds [static dependencies only]. Details - ImportResultOutputID=0cf5481910a08e507351d0fc99de3c19 DependenciesID=23091a4ca99850879a91208b080bac9c StaticDependenciesID=41f92910de2789418d8f9f954b230719 
Importing 'GUID: 48f1617bb1168457da4512bd8e439bea - Path: Packages/com.unity.xr.mock-hmd/Runtime/UnitySubsystemsManifest.json' with importer (TextScriptImporter)
Imported 'GUID: 48f1617bb1168457da4512bd8e439bea' -> (Import Result ID: 'ab029d6f6f41e141e609169f0d9857e5') in 0.000 seconds [static dependencies only]. Details - ImportResultOutputID=0807f0be5164e6cfe137578eff385052 DependenciesID=61f3f0b6bfacc7433093981c6afdbb83 StaticDependenciesID=7dbd14177aae2daff016414a8547eafc 
Importing 'GUID: 0922bb9b89fcb4722964025ef75d5e6e - Path: Packages/com.unity.xr.mock-hmd/LICENSE.md' with importer (TextScriptImporter)
Imported 'GUID: 0922bb9b89fcb4722964025ef75d5e6e' -> (Import Result ID: '7275d41571135df3a6e83ecb35040447') in 0.000 seconds [static dependencies only]. Details - ImportResultOutputID=4a07fc4f12192d3a6e17069afd120842 DependenciesID=5c860cd18f8f574947a86faacc0da33e StaticDependenciesID=1d2858c18b58ca0ac935f195f32c8913 
Importing 'GUID: ff45b4cb0884442a187a7b0314897cfe - Path: Packages/com.unity.xr.mock-hmd/CHANGELOG.md' with importer (TextScriptImporter)
Imported 'GUID: ff45b4cb0884442a187a7b0314897cfe' -> (Import Result ID: '8d49f1000191478454f815ee2f1a3680') in 0.000 seconds [static dependencies only]. Details - ImportResultOutputID=50d4230c6426c21d03214167f4153811 DependenciesID=bd61e8df94f57f6f80ca71855f8f1708 StaticDependenciesID=5812b52e209cd88e29a0982f58fa59d6 

Asset Pipeline Refresh (id=9bc3f663490414048a6bbabaa9e0c475): Total: 6.155 seconds - Initiated by RefreshV2(ForceSynchronousImport)
	(Values over 0.05ms)
	Summary:
		Imports: total=27 (actual=27, local cache=0, cache server=0)
		Asset DB Process Time: managed=1 ms, native=2037 ms
		Asset DB Callback time: managed=183 ms, native=294 ms
		Scripting: domain reloads=1, domain reload time=833 ms, compile time=2805 ms, other=0 ms
		Project Asset Count: scripts=1627, non-scripts=2374
		Asset File Changes: new=46, changed=46, moved=0, deleted=0
		Scan Filter Count: 1
	InvokePackagesCallback: 285.365ms
	ApplyChangesToAssetFolders: 0.257ms
	Scan: 482.525ms
	Collect global state as custom dependencies: 1.679ms
	OnSourceAssetsModified: 1.077ms
	CategorizeScriptCompilationAssets: 0.273ms
	ProcessAssetsWithTransientArtifactChanges: 2.901ms
	CategorizeAssets: 39.672ms
	CompileScripts: 2805.475ms
	ImportOutOfDateAssets: 1427.039ms (1402.546ms without children)
		ImportManagerImport: 21.664ms (2.198ms without children)
			UpdateCategorizedAssets: 0.080ms
		CollectScriptTypesHashes: 8.228ms
		ReloadNativeAssets: 0.861ms
		UnloadImportedAssets: 1.269ms
		EnsureUptoDateAssetsAreRegisteredWithGuidPM: 0.450ms
		ImportSchedulerStart: 0.220ms
	PostProcessAllAssets: 188.384ms
		AssemblyValidation.PostprocessAllAssets 4.233ms
		PostProcessCallbackCreateDeferredMaterials 1.808ms
		XRBuildSystem.XRAssetImported 0.244ms
		PostprocessAssetsUpdateCachedIcon 0.119ms
		VersionControlSettings.HiddenFilePostprocess 0.098ms
		ShaderAssetModifiedCallback 0.080ms
		MonoPostProcessAllAssets: 180.716ms
			SyncVS.PostprocessSyncProject 103.423ms
			AssetPostprocessor.OnPostprocessAllAssets 46.563ms
			AssetCallbacks.OnPostprocessAllAssets 6.940ms
			UniversalRenderPipelineGlobalSettingsPostprocessor.OnPostprocessAllAssets 5.351ms
			BuilderAssetPostprocessor.OnPostprocessAllAssets 3.414ms
			AssetChangedListener.OnPostprocessAllAssets 2.052ms
			ShaderGraphAssetPostProcessor.OnPostprocessAllAssets 1.273ms
			WindowAssetPostprocessingWatcher.OnPostprocessAllAssets 1.098ms
			RetainedModeAssetPostprocessor.OnPostprocessAllAssets 0.491ms
			EditModeScopePostprocessor.OnPostprocessAllAssets 0.394ms
			InputActionAssetPostprocessor.OnPostprocessAllAssets 0.354ms
			MaterialPostprocessor.OnPostprocessAllAssets 0.348ms
			SpeedTree9Postprocessor.OnPostprocessAllAssets 0.339ms
			PostProcessor.OnPostprocessAllAssets 0.304ms
			TMPro_TexturePostProcessor.OnPostprocessAllAssets 0.296ms
			RenderPipelineGlobalSettingsPostprocessor.OnPostprocessAllAssets 0.285ms
			UVCSAssetPostprocessor.OnPostprocessAllAssets 0.247ms
			ShaderReflectionAssetPostProcessor.OnPostprocessAllAssets 0.242ms
			InputActionJsonNameModifierAssetProcessor.OnPostprocessAllAssets 0.236ms
			TextAssetPostProcessor.OnPostprocessAllAssets 0.201ms
			ArtifactBrowserPostProcessor.OnPostprocessAllAssets 0.194ms
			ProjectSettingsPostprocessor.OnPostprocessAllAssets 0.188ms
			AudioMixerPostprocessor.OnPostprocessAllAssets 0.173ms
			ReferencedClipsPostProcessor.OnPostprocessAllAssets 0.141ms
			AssetReloadNotifier.OnPostprocessAllAssets 0.139ms
			StyleCatalogPostProcessor.OnPostprocessAllAssets 0.113ms
			SpeedTreePostProcessor.OnPostprocessAllAssets 0.112ms
			AssetEvents.OnPostprocessAllAssets 0.086ms
			TerrainToolbarOverlayPostProcessor.OnPostprocessAllAssets 0.068ms
			SamplePostprocessor.OnPostprocessAllAssets 0.060ms
			AssetDatabaseCallbacks.OnPostprocessAllAssets 0.058ms
			ScenarioDriftAssetsTracker.OnPostprocessAllAssets 0.055ms
			ConfigAssetsTracker.OnPostprocessAllAssets 0.053ms
	PostAssetChangesProfiler: 3.806ms
	GatherAllCurrentPrimaryImportResultRevisions: 0.147ms
	UnloadStreamsBegin: 1.050ms
	PersistCurrentRevisions: 0.250ms
	GenerateScriptTypeHashes: 6.710ms
	GenerateScriptTypeSerializationHashes: 9.027ms
	Untracked: 906.261ms

[MODES] ModeService[default].LoadModes
AcceleratorClientConnectionCallback - disconnected - :0
Importing 'GUID: 0000000000000000b000000000000000 - Path: ProjectSettings/EditorBuildSettings.asset' with importer (LibraryAssetImporter)
Imported 'GUID: 0000000000000000b000000000000000' -> (Import Result ID: '1e7b8d8ff5e6c6cf5806dc761e45f882') in 0.000 seconds [static dependencies only]. Details - ImportResultOutputID=0a89a5c5f492143e0fa186859e17ba6f DependenciesID=754d234927671e59edd33430b2d9cbb3 StaticDependenciesID=c854f7b84ebd0b0d31e19c2474e57681 
Asset Pipeline Refresh (id=0892a6a6913db40e1a35e4be922ae350): Total: 0.021 seconds - Initiated by StopAssetImportingV2(NoUpdateAssetOptions)
Importing 'GUID: 998c120ebb19f4a62aae8a7a0e75d270 - Path: Assets/XR/Loaders/MockHMDLoader.asset' with importer (NativeFormatImporter)
Imported 'GUID: 998c120ebb19f4a62aae8a7a0e75d270' -> (Import Result ID: '0985d2fd466fc9a9d843da12530ed18c') in 0.000 seconds [static dependencies only]. Details - ImportResultOutputID=89bca1c5eaf6c612f07ac47b5d54a312 DependenciesID=e0a6caafd123bc9d51f60d5967c00964 StaticDependenciesID=9db2d54a242f03954e9d54327dd7623f 
Asset Pipeline Refresh (id=e775a6862182847f5a1c705ea7cc3400): Total: 0.020 seconds - Initiated by StopAssetImportingV2(NoUpdateAssetOptions)
Importing 'GUID: 1726b971e6bb14b2c96347cfaa4fe5bf - Path: Assets/XR/XRGeneralSettingsPerBuildTarget.asset' with importer (NativeFormatImporter)
Imported 'GUID: 1726b971e6bb14b2c96347cfaa4fe5bf' -> (Import Result ID: '05bfc17eb1688403dc543c825ec141c5') in 0.001 seconds [static dependencies only]. Details - ImportResultOutputID=7fbb836d7d7dc083c566a4e93218567f DependenciesID=8ce0e59435a6056e89b4cb48186f49d3 StaticDependenciesID=0a46664c0d56c3161b7fe0c8bd252b3a 
Asset Pipeline Refresh (id=19327298b14374adeb371e78155e5835): Total: 0.018 seconds - Initiated by StopAssetImportingV2(NoUpdateAssetOptions)
GPU Resident Drawer created.
[Licensing::Client] Successfully resolved entitlement details
[Licensing::Client] Successfully resolved entitlement details
[Licensing::Client] Successfully resolved entitlement details
[Licensing::Client] Successfully resolved entitlement details
[Licensing::Client] Successfully resolved entitlement details
Asset Pipeline Refresh (id=7c297179b47ae4ab1be46f04573a4e44): Total: 0.076 seconds - Initiated by RefreshV2(AllowForceSynchronousImport)
Importing 'GUID: 00000000000000009000000000000000 - Path: ProjectSettings/QualitySettings.asset' with importer (LibraryAssetImporter)
Imported 'GUID: 00000000000000009000000000000000' -> (Import Result ID: '8151b601d05d3e12de314c2aa1f82962') in 0.001 seconds [static dependencies only]. Details - ImportResultOutputID=2a108b3da874f726c62fbe5f12be4a8a DependenciesID=6180c49ef29638684367d2893c04e070 StaticDependenciesID=5b19720d9149525484b40148944c8e26 
Importing 'GUID: 1726b971e6bb14b2c96347cfaa4fe5bf - Path: Assets/XR/XRGeneralSettingsPerBuildTarget.asset' with importer (NativeFormatImporter)
Imported 'GUID: 1726b971e6bb14b2c96347cfaa4fe5bf' -> (Import Result ID: 'd0fa3f3591f4406462a33c1830498ba7') in 0.000 seconds [static dependencies only]. Details - ImportResultOutputID=7fbb836d7d7dc083c566a4e93218567f DependenciesID=dceb3016f214e58201aab2b91af8f0a6 StaticDependenciesID=3602944e0d8c0fa2d68c4a4f33a64190 
Asset Pipeline Refresh (id=71cc2ccce8869492fa09d8c5143ed10b): Total: 0.027 seconds - Initiated by StopAssetImportingV2(NoUpdateAssetOptions)
[Licensing::Client] Successfully resolved entitlement details
Asset Pipeline Refresh (id=f52bfe47d3b3c4e3e91f020d08686376): Total: 0.068 seconds - Initiated by RefreshV2(AllowForceSynchronousImport)
2026-10-04 23:15:54.059 Unity[45038:39531193] NSEventModifierFlagFunction specified to -setKeyEquivalentModifierMask: for item <NSMenuItem: 0xc9b04e120 SDF, ke='Command-F12'>, but is only supported for system-provided menu items; will not be used
[Licensing::Client] Successfully resolved entitlement details
Asset Pipeline Refresh (id=5d138097bacb94bcaabe4e7858f7ad2e): Total: 0.079 seconds - Initiated by RefreshV2(AllowForceSynchronousImport)
Asset Pipeline Refresh (id=649da241890564b07b5c0ed7f7a5ee59): Total: 0.077 seconds - Initiated by RefreshV2(AllowForceSynchronousImport)
Asset Pipeline Refresh (id=ef2225aa786f04d9b85492600a0c56ca): Total: 0.071 seconds - Initiated by RefreshV2(AllowForceSynchronousImport)
Asset Pipeline Refresh (id=e70893f9e73304afb8bd7fbdd871e6cb): Total: 0.128 seconds - Initiated by RefreshV2(AllowForceSynchronousImport)
2026-10-04 23:18:49.471 Unity[45038:39531193] NSEventModifierFlagFunction specified to -setKeyEquivalentModifierMask: for item <NSMenuItem: 0xc95ed54a0 SDF, ke='Command-F12'>, but is only supported for system-provided menu items; will not be used
Asset Pipeline Refresh (id=533a1d7a2db2148ab802aad8513d80d6): Total: 0.088 seconds - Initiated by RefreshV2(AllowForceSynchronousImport)
Scanning for USB devices : 0.433ms
Scanning for USB devices : 0.260ms
[BuildProfile] Module installation completed: android (version: 6000.6.0f1) - Module android has been successfully installed
UnityEngine.Debug:ExtractStackTraceNoAlloc (byte*,int,string)
UnityEngine.StackTraceUtility:ExtractStackTrace () (at /Users/bokken/build/output/unity/unity/Runtime/Export/Scripting/StackTrace.cs:23)
UnityEngine.DebugLogHandler:Internal_Log (UnityEngine.LogType,UnityEngine.LogOption,string,UnityEngine.Object)
UnityEngine.DebugLogHandler:LogFormat (UnityEngine.LogType,UnityEngine.Object,string,object[])
UnityEngine.Logger:Log (UnityEngine.LogType,object)
UnityEngine.Debug:Log (object)
UnityEditor.Build.Profile.BuildProfileModuleUtil:OnModuleInstallationCompleted (string,string,string,string) (at /Users/bokken/build/output/unity/unity/Editor/Mono/BuildProfile/BuildProfileModuleUtil.cs:892)

(Filename: /Users/bokken/build/output/unity/unity/Editor/Mono/BuildProfile/BuildProfileModuleUtil.cs Line: 892)

[BuildProfile] Mapped moduleId 'android' to platform: Android™
UnityEngine.Debug:ExtractStackTraceNoAlloc (byte*,int,string)
UnityEngine.StackTraceUtility:ExtractStackTrace () (at /Users/bokken/build/output/unity/unity/Runtime/Export/Scripting/StackTrace.cs:23)
UnityEngine.DebugLogHandler:Internal_Log (UnityEngine.LogType,UnityEngine.LogOption,string,UnityEngine.Object)
UnityEngine.DebugLogHandler:LogFormat (UnityEngine.LogType,UnityEngine.Object,string,object[])
UnityEngine.Logger:Log (UnityEngine.LogType,object)
UnityEngine.Debug:Log (object)
UnityEditor.Build.Profile.BuildProfileModuleUtil:OnModuleInstallationCompleted (string,string,string,string) (at /Users/bokken/build/output/unity/unity/Editor/Mono/BuildProfile/BuildProfileModuleUtil.cs:910)

(Filename: /Users/bokken/build/output/unity/unity/Editor/Mono/BuildProfile/BuildProfileModuleUtil.cs Line: 910)

[BuildProfile] Module installation completed: android-open-jdk-17.0.18+8 (version: 6000.6.0f1) - Module android-open-jdk-17.0.18+8 has been successfully installed
UnityEngine.Debug:ExtractStackTraceNoAlloc (byte*,int,string)
UnityEngine.StackTraceUtility:ExtractStackTrace () (at /Users/bokken/build/output/unity/unity/Runtime/Export/Scripting/StackTrace.cs:23)
UnityEngine.DebugLogHandler:Internal_Log (UnityEngine.LogType,UnityEngine.LogOption,string,UnityEngine.Object)
UnityEngine.DebugLogHandler:LogFormat (UnityEngine.LogType,UnityEngine.Object,string,object[])
UnityEngine.Logger:Log (UnityEngine.LogType,object)
UnityEngine.Debug:Log (object)
UnityEditor.Build.Profile.BuildProfileModuleUtil:OnModuleInstallationCompleted (string,string,string,string) (at /Users/bokken/build/output/unity/unity/Editor/Mono/BuildProfile/BuildProfileModuleUtil.cs:892)

(Filename: /Users/bokken/build/output/unity/unity/Editor/Mono/BuildProfile/BuildProfileModuleUtil.cs Line: 892)

[BuildProfile] Could not find platform for Hub moduleId: android-open-jdk-17.0.18+8
UnityEngine.Debug:ExtractStackTraceNoAlloc (byte*,int,string)
UnityEngine.StackTraceUtility:ExtractStackTrace () (at /Users/bokken/build/output/unity/unity/Runtime/Export/Scripting/StackTrace.cs:23)
UnityEngine.DebugLogHandler:Internal_Log (UnityEngine.LogType,UnityEngine.LogOption,string,UnityEngine.Object)
UnityEngine.DebugLogHandler:LogFormat (UnityEngine.LogType,UnityEngine.Object,string,object[])
UnityEngine.Logger:Log (UnityEngine.LogType,object)
UnityEngine.Debug:LogWarning (object)
UnityEditor.Build.Profile.BuildProfileModuleUtil:OnModuleInstallationCompleted (string,string,string,string) (at /Users/bokken/build/output/unity/unity/Editor/Mono/BuildProfile/BuildProfileModuleUtil.cs:906)

(Filename: /Users/bokken/build/output/unity/unity/Editor/Mono/BuildProfile/BuildProfileModuleUtil.cs Line: 906)

[BuildProfile] Module installation completed: android-sdk-ndk-tools (version: 6000.6.0f1) - Module android-sdk-ndk-tools has been successfully installed
UnityEngine.Debug:ExtractStackTraceNoAlloc (byte*,int,string)
UnityEngine.StackTraceUtility:ExtractStackTrace () (at /Users/bokken/build/output/unity/unity/Runtime/Export/Scripting/StackTrace.cs:23)
UnityEngine.DebugLogHandler:Internal_Log (UnityEngine.LogType,UnityEngine.LogOption,string,UnityEngine.Object)
UnityEngine.DebugLogHandler:LogFormat (UnityEngine.LogType,UnityEngine.Object,string,object[])
UnityEngine.Logger:Log (UnityEngine.LogType,object)
UnityEngine.Debug:Log (object)
UnityEditor.Build.Profile.BuildProfileModuleUtil:OnModuleInstallationCompleted (string,string,string,string) (at /Users/bokken/build/output/unity/unity/Editor/Mono/BuildProfile/BuildProfileModuleUtil.cs:892)

(Filename: /Users/bokken/build/output/unity/unity/Editor/Mono/BuildProfile/BuildProfileModuleUtil.cs Line: 892)

[BuildProfile] Could not find platform for Hub moduleId: android-sdk-ndk-tools
UnityEngine.Debug:ExtractStackTraceNoAlloc (byte*,int,string)
UnityEngine.StackTraceUtility:ExtractStackTrace () (at /Users/bokken/build/output/unity/unity/Runtime/Export/Scripting/StackTrace.cs:23)
UnityEngine.DebugLogHandler:Internal_Log (UnityEngine.LogType,UnityEngine.LogOption,string,UnityEngine.Object)
UnityEngine.DebugLogHandler:LogFormat (UnityEngine.LogType,UnityEngine.Object,string,object[])
UnityEngine.Logger:Log (UnityEngine.LogType,object)
UnityEngine.Debug:LogWarning (object)
UnityEditor.Build.Profile.BuildProfileModuleUtil:OnModuleInstallationCompleted (string,string,string,string) (at /Users/bokken/build/output/unity/unity/Editor/Mono/BuildProfile/BuildProfileModuleUtil.cs:906)

(Filename: /Users/bokken/build/output/unity/unity/Editor/Mono/BuildProfile/BuildProfileModuleUtil.cs Line: 906)

[BuildProfile] Module installation completed: android-ndk-r27c (version: 6000.6.0f1) - Module android-ndk-r27c has been successfully installed
UnityEngine.Debug:ExtractStackTraceNoAlloc (byte*,int,string)
UnityEngine.StackTraceUtility:ExtractStackTrace () (at /Users/bokken/build/output/unity/unity/Runtime/Export/Scripting/StackTrace.cs:23)
UnityEngine.DebugLogHandler:Internal_Log (UnityEngine.LogType,UnityEngine.LogOption,string,UnityEngine.Object)
UnityEngine.DebugLogHandler:LogFormat (UnityEngine.LogType,UnityEngine.Object,string,object[])
UnityEngine.Logger:Log (UnityEngine.LogType,object)
UnityEngine.Debug:Log (object)
UnityEditor.Build.Profile.BuildProfileModuleUtil:OnModuleInstallationCompleted (string,string,string,string) (at /Users/bokken/build/output/unity/unity/Editor/Mono/BuildProfile/BuildProfileModuleUtil.cs:892)

(Filename: /Users/bokken/build/output/unity/unity/Editor/Mono/BuildProfile/BuildProfileModuleUtil.cs Line: 892)

[BuildProfile] Could not find platform for Hub moduleId: android-ndk-r27c
UnityEngine.Debug:ExtractStackTraceNoAlloc (byte*,int,string)
UnityEngine.StackTraceUtility:ExtractStackTrace () (at /Users/bokken/build/output/unity/unity/Runtime/Export/Scripting/StackTrace.cs:23)
UnityEngine.DebugLogHandler:Internal_Log (UnityEngine.LogType,UnityEngine.LogOption,string,UnityEngine.Object)
UnityEngine.DebugLogHandler:LogFormat (UnityEngine.LogType,UnityEngine.Object,string,object[])
UnityEngine.Logger:Log (UnityEngine.LogType,object)
UnityEngine.Debug:LogWarning (object)
UnityEditor.Build.Profile.BuildProfileModuleUtil:OnModuleInstallationCompleted (string,string,string,string) (at /Users/bokken/build/output/unity/unity/Editor/Mono/BuildProfile/BuildProfileModuleUtil.cs:906)

(Filename: /Users/bokken/build/output/unity/unity/Editor/Mono/BuildProfile/BuildProfileModuleUtil.cs Line: 906)

[BuildProfile] Module installation completed: cmake-3.22.1 (version: 6000.6.0f1) - Module cmake-3.22.1 has been successfully installed
UnityEngine.Debug:ExtractStackTraceNoAlloc (byte*,int,string)
UnityEngine.StackTraceUtility:ExtractStackTrace () (at /Users/bokken/build/output/unity/unity/Runtime/Export/Scripting/StackTrace.cs:23)
UnityEngine.DebugLogHandler:Internal_Log (UnityEngine.LogType,UnityEngine.LogOption,string,UnityEngine.Object)
UnityEngine.DebugLogHandler:LogFormat (UnityEngine.LogType,UnityEngine.Object,string,object[])
UnityEngine.Logger:Log (UnityEngine.LogType,object)
UnityEngine.Debug:Log (object)
UnityEditor.Build.Profile.BuildProfileModuleUtil:OnModuleInstallationCompleted (string,string,string,string) (at /Users/bokken/build/output/unity/unity/Editor/Mono/BuildProfile/BuildProfileModuleUtil.cs:892)

(Filename: /Users/bokken/build/output/unity/unity/Editor/Mono/BuildProfile/BuildProfileModuleUtil.cs Line: 892)

[BuildProfile] Could not find platform for Hub moduleId: cmake-3.22.1
UnityEngine.Debug:ExtractStackTraceNoAlloc (byte*,int,string)
UnityEngine.StackTraceUtility:ExtractStackTrace () (at /Users/bokken/build/output/unity/unity/Runtime/Export/Scripting/StackTrace.cs:23)
UnityEngine.DebugLogHandler:Internal_Log (UnityEngine.LogType,UnityEngine.LogOption,string,UnityEngine.Object)
UnityEngine.DebugLogHandler:LogFormat (UnityEngine.LogType,UnityEngine.Object,string,object[])
UnityEngine.Logger:Log (UnityEngine.LogType,object)
UnityEngine.Debug:LogWarning (object)
UnityEditor.Build.Profile.BuildProfileModuleUtil:OnModuleInstallationCompleted (string,string,string,string) (at /Users/bokken/build/output/unity/unity/Editor/Mono/BuildProfile/BuildProfileModuleUtil.cs:906)

(Filename: /Users/bokken/build/output/unity/unity/Editor/Mono/BuildProfile/BuildProfileModuleUtil.cs Line: 906)

[BuildProfile] Module installation completed: android-sdk-build-tools-36.0.0 (version: 6000.6.0f1) - Module android-sdk-build-tools-36.0.0 has been successfully installed
UnityEngine.Debug:ExtractStackTraceNoAlloc (byte*,int,string)
UnityEngine.StackTraceUtility:ExtractStackTrace () (at /Users/bokken/build/output/unity/unity/Runtime/Export/Scripting/StackTrace.cs:23)
UnityEngine.DebugLogHandler:Internal_Log (UnityEngine.LogType,UnityEngine.LogOption,string,UnityEngine.Object)
UnityEngine.DebugLogHandler:LogFormat (UnityEngine.LogType,UnityEngine.Object,string,object[])
UnityEngine.Logger:Log (UnityEngine.LogType,object)
UnityEngine.Debug:Log (object)
UnityEditor.Build.Profile.BuildProfileModuleUtil:OnModuleInstallationCompleted (string,string,string,string) (at /Users/bokken/build/output/unity/unity/Editor/Mono/BuildProfile/BuildProfileModuleUtil.cs:892)

(Filename: /Users/bokken/build/output/unity/unity/Editor/Mono/BuildProfile/BuildProfileModuleUtil.cs Line: 892)

[BuildProfile] Could not find platform for Hub moduleId: android-sdk-build-tools-36.0.0
UnityEngine.Debug:ExtractStackTraceNoAlloc (byte*,int,string)
UnityEngine.StackTraceUtility:ExtractStackTrace () (at /Users/bokken/build/output/unity/unity/Runtime/Export/Scripting/StackTrace.cs:23)
UnityEngine.DebugLogHandler:Internal_Log (UnityEngine.LogType,UnityEngine.LogOption,string,UnityEngine.Object)
UnityEngine.DebugLogHandler:LogFormat (UnityEngine.LogType,UnityEngine.Object,string,object[])
UnityEngine.Logger:Log (UnityEngine.LogType,object)
UnityEngine.Debug:LogWarning (object)
UnityEditor.Build.Profile.BuildProfileModuleUtil:OnModuleInstallationCompleted (string,string,string,string) (at /Users/bokken/build/output/unity/unity/Editor/Mono/BuildProfile/BuildProfileModuleUtil.cs:906)

(Filename: /Users/bokken/build/output/unity/unity/Editor/Mono/BuildProfile/BuildProfileModuleUtil.cs Line: 906)

[BuildProfile] Module installation completed: android-sdk-platform-tools-36.0.0 (version: 6000.6.0f1) - Module android-sdk-platform-tools-36.0.0 has been successfully installed
UnityEngine.Debug:ExtractStackTraceNoAlloc (byte*,int,string)
UnityEngine.StackTraceUtility:ExtractStackTrace () (at /Users/bokken/build/output/unity/unity/Runtime/Export/Scripting/StackTrace.cs:23)
UnityEngine.DebugLogHandler:Internal_Log (UnityEngine.LogType,UnityEngine.LogOption,string,UnityEngine.Object)
UnityEngine.DebugLogHandler:LogFormat (UnityEngine.LogType,UnityEngine.Object,string,object[])
UnityEngine.Logger:Log (UnityEngine.LogType,object)
UnityEngine.Debug:Log (object)
UnityEditor.Build.Profile.BuildProfileModuleUtil:OnModuleInstallationCompleted (string,string,string,string) (at /Users/bokken/build/output/unity/unity/Editor/Mono/BuildProfile/BuildProfileModuleUtil.cs:892)

(Filename: /Users/bokken/build/output/unity/unity/Editor/Mono/BuildProfile/BuildProfileModuleUtil.cs Line: 892)

[BuildProfile] Could not find platform for Hub moduleId: android-sdk-platform-tools-36.0.0
UnityEngine.Debug:ExtractStackTraceNoAlloc (byte*,int,string)
UnityEngine.StackTraceUtility:ExtractStackTrace () (at /Users/bokken/build/output/unity/unity/Runtime/Export/Scripting/StackTrace.cs:23)
UnityEngine.DebugLogHandler:Internal_Log (UnityEngine.LogType,UnityEngine.LogOption,string,UnityEngine.Object)
UnityEngine.DebugLogHandler:LogFormat (UnityEngine.LogType,UnityEngine.Object,string,object[])
UnityEngine.Logger:Log (UnityEngine.LogType,object)
UnityEngine.Debug:LogWarning (object)
UnityEditor.Build.Profile.BuildProfileModuleUtil:OnModuleInstallationCompleted (string,string,string,string) (at /Users/bokken/build/output/unity/unity/Editor/Mono/BuildProfile/BuildProfileModuleUtil.cs:906)

(Filename: /Users/bokken/build/output/unity/unity/Editor/Mono/BuildProfile/BuildProfileModuleUtil.cs Line: 906)

[BuildProfile] Module installation completed: android-sdk-platforms-34 (version: 6000.6.0f1) - Module android-sdk-platforms-34 has been successfully installed
UnityEngine.Debug:ExtractStackTraceNoAlloc (byte*,int,string)
UnityEngine.StackTraceUtility:ExtractStackTrace () (at /Users/bokken/build/output/unity/unity/Runtime/Export/Scripting/StackTrace.cs:23)
UnityEngine.DebugLogHandler:Internal_Log (UnityEngine.LogType,UnityEngine.LogOption,string,UnityEngine.Object)
UnityEngine.DebugLogHandler:LogFormat (UnityEngine.LogType,UnityEngine.Object,string,object[])
UnityEngine.Logger:Log (UnityEngine.LogType,object)
UnityEngine.Debug:Log (object)
UnityEditor.Build.Profile.BuildProfileModuleUtil:OnModuleInstallationCompleted (string,string,string,string) (at /Users/bokken/build/output/unity/unity/Editor/Mono/BuildProfile/BuildProfileModuleUtil.cs:892)

(Filename: /Users/bokken/build/output/unity/unity/Editor/Mono/BuildProfile/BuildProfileModuleUtil.cs Line: 892)

[BuildProfile] Could not find platform for Hub moduleId: android-sdk-platforms-34
UnityEngine.Debug:ExtractStackTraceNoAlloc (byte*,int,string)
UnityEngine.StackTraceUtility:ExtractStackTrace () (at /Users/bokken/build/output/unity/unity/Runtime/Export/Scripting/StackTrace.cs:23)
UnityEngine.DebugLogHandler:Internal_Log (UnityEngine.LogType,UnityEngine.LogOption,string,UnityEngine.Object)
UnityEngine.DebugLogHandler:LogFormat (UnityEngine.LogType,UnityEngine.Object,string,object[])
UnityEngine.Logger:Log (UnityEngine.LogType,object)
UnityEngine.Debug:LogWarning (object)
UnityEditor.Build.Profile.BuildProfileModuleUtil:OnModuleInstallationCompleted (string,string,string,string) (at /Users/bokken/build/output/unity/unity/Editor/Mono/BuildProfile/BuildProfileModuleUtil.cs:906)

(Filename: /Users/bokken/build/output/unity/unity/Editor/Mono/BuildProfile/BuildProfileModuleUtil.cs Line: 906)

[BuildProfile] Module installation completed: android-sdk-platforms-36 (version: 6000.6.0f1) - Module android-sdk-platforms-36 has been successfully installed
UnityEngine.Debug:ExtractStackTraceNoAlloc (byte*,int,string)
UnityEngine.StackTraceUtility:ExtractStackTrace () (at /Users/bokken/build/output/unity/unity/Runtime/Export/Scripting/StackTrace.cs:23)
UnityEngine.DebugLogHandler:Internal_Log (UnityEngine.LogType,UnityEngine.LogOption,string,UnityEngine.Object)
UnityEngine.DebugLogHandler:LogFormat (UnityEngine.LogType,UnityEngine.Object,string,object[])
UnityEngine.Logger:Log (UnityEngine.LogType,object)
UnityEngine.Debug:Log (object)
UnityEditor.Build.Profile.BuildProfileModuleUtil:OnModuleInstallationCompleted (string,string,string,string) (at /Users/bokken/build/output/unity/unity/Editor/Mono/BuildProfile/BuildProfileModuleUtil.cs:892)

(Filename: /Users/bokken/build/output/unity/unity/Editor/Mono/BuildProfile/BuildProfileModuleUtil.cs Line: 892)

[BuildProfile] Could not find platform for Hub moduleId: android-sdk-platforms-36
UnityEngine.Debug:ExtractStackTraceNoAlloc (byte*,int,string)
UnityEngine.StackTraceUtility:ExtractStackTrace () (at /Users/bokken/build/output/unity/unity/Runtime/Export/Scripting/StackTrace.cs:23)
UnityEngine.DebugLogHandler:Internal_Log (UnityEngine.LogType,UnityEngine.LogOption,string,UnityEngine.Object)
UnityEngine.DebugLogHandler:LogFormat (UnityEngine.LogType,UnityEngine.Object,string,object[])
UnityEngine.Logger:Log (UnityEngine.LogType,object)
UnityEngine.Debug:LogWarning (object)
UnityEditor.Build.Profile.BuildProfileModuleUtil:OnModuleInstallationCompleted (string,string,string,string) (at /Users/bokken/build/output/unity/unity/Editor/Mono/BuildProfile/BuildProfileModuleUtil.cs:906)

(Filename: /Users/bokken/build/output/unity/unity/Editor/Mono/BuildProfile/BuildProfileModuleUtil.cs Line: 906)

[BuildProfile] Module installation completed: android-sdk-platforms-37.0 (version: 6000.6.0f1) - Module android-sdk-platforms-37.0 has been successfully installed
UnityEngine.Debug:ExtractStackTraceNoAlloc (byte*,int,string)
UnityEngine.StackTraceUtility:ExtractStackTrace () (at /Users/bokken/build/output/unity/unity/Runtime/Export/Scripting/StackTrace.cs:23)
UnityEngine.DebugLogHandler:Internal_Log (UnityEngine.LogType,UnityEngine.LogOption,string,UnityEngine.Object)
UnityEngine.DebugLogHandler:LogFormat (UnityEngine.LogType,UnityEngine.Object,string,object[])
UnityEngine.Logger:Log (UnityEngine.LogType,object)
UnityEngine.Debug:Log (object)
UnityEditor.Build.Profile.BuildProfileModuleUtil:OnModuleInstallationCompleted (string,string,string,string) (at /Users/bokken/build/output/unity/unity/Editor/Mono/BuildProfile/BuildProfileModuleUtil.cs:892)

(Filename: /Users/bokken/build/output/unity/unity/Editor/Mono/BuildProfile/BuildProfileModuleUtil.cs Line: 892)

[BuildProfile] Could not find platform for Hub moduleId: android-sdk-platforms-37.0
UnityEngine.Debug:ExtractStackTraceNoAlloc (byte*,int,string)
UnityEngine.StackTraceUtility:ExtractStackTrace () (at /Users/bokken/build/output/unity/unity/Runtime/Export/Scripting/StackTrace.cs:23)
UnityEngine.DebugLogHandler:Internal_Log (UnityEngine.LogType,UnityEngine.LogOption,string,UnityEngine.Object)
UnityEngine.DebugLogHandler:LogFormat (UnityEngine.LogType,UnityEngine.Object,string,object[])
UnityEngine.Logger:Log (UnityEngine.LogType,object)
UnityEngine.Debug:LogWarning (object)
UnityEditor.Build.Profile.BuildProfileModuleUtil:OnModuleInstallationCompleted (string,string,string,string) (at /Users/bokken/build/output/unity/unity/Editor/Mono/BuildProfile/BuildProfileModuleUtil.cs:906)

(Filename: /Users/bokken/build/output/unity/unity/Editor/Mono/BuildProfile/BuildProfileModuleUtil.cs Line: 906)

[BuildProfile] Module installation completed: android-sdk-command-line-tools-16.0 (version: 6000.6.0f1) - Module android-sdk-command-line-tools-16.0 has been successfully installed
UnityEngine.Debug:ExtractStackTraceNoAlloc (byte*,int,string)
UnityEngine.StackTraceUtility:ExtractStackTrace () (at /Users/bokken/build/output/unity/unity/Runtime/Export/Scripting/StackTrace.cs:23)
UnityEngine.DebugLogHandler:Internal_Log (UnityEngine.LogType,UnityEngine.LogOption,string,UnityEngine.Object)
UnityEngine.DebugLogHandler:LogFormat (UnityEngine.LogType,UnityEngine.Object,string,object[])
UnityEngine.Logger:Log (UnityEngine.LogType,object)
UnityEngine.Debug:Log (object)
UnityEditor.Build.Profile.BuildProfileModuleUtil:OnModuleInstallationCompleted (string,string,string,string) (at /Users/bokken/build/output/unity/unity/Editor/Mono/BuildProfile/BuildProfileModuleUtil.cs:892)

(Filename: /Users/bokken/build/output/unity/unity/Editor/Mono/BuildProfile/BuildProfileModuleUtil.cs Line: 892)

[BuildProfile] Could not find platform for Hub moduleId: android-sdk-command-line-tools-16.0
UnityEngine.Debug:ExtractStackTraceNoAlloc (byte*,int,string)
UnityEngine.StackTraceUtility:ExtractStackTrace () (at /Users/bokken/build/output/unity/unity/Runtime/Export/Scripting/StackTrace.cs:23)
UnityEngine.DebugLogHandler:Internal_Log (UnityEngine.LogType,UnityEngine.LogOption,string,UnityEngine.Object)
UnityEngine.DebugLogHandler:LogFormat (UnityEngine.LogType,UnityEngine.Object,string,object[])
UnityEngine.Logger:Log (UnityEngine.LogType,object)
UnityEngine.Debug:LogWarning (object)
UnityEditor.Build.Profile.BuildProfileModuleUtil:OnModuleInstallationCompleted (string,string,string,string) (at /Users/bokken/build/output/unity/unity/Editor/Mono/BuildProfile/BuildProfileModuleUtil.cs:906)

(Filename: /Users/bokken/build/output/unity/unity/Editor/Mono/BuildProfile/BuildProfileModuleUtil.cs Line: 906)

Asset Pipeline Refresh (id=bb3aeab9ed7124551a35313e3f1e5b76): Total: 0.191 seconds - Initiated by RefreshV2(AllowForceSynchronousImport)
[Licensing::Client] Successfully resolved entitlement details
MonoPathRemapper: Attempts to remap: 61412; Successful remaps: 21688
Thread 0x42afa3000 may have been prematurely finalized
Serialized file version minimum: 23, current 23
[LAYOUT] About to save layout /Users/ariq/Code/Unity Practice/Prac1/UserSettings/Layouts/default-6000.dwlt
[LAYOUT] About to save layout /Users/ariq/Library/Preferences/Unity/Editor-5.x/Layouts/current/default-6000.dwlt
Pipeline Server stopped
GPU Resident Drawer disposed.
Input System module state changed to: ShutdownInProgress.
Input Polling Thread exited.
Input System module state changed to: Shutdown.
Shutting down MSBuild server...
Shutting down VB/C# compiler server...
VB/C# compiler server shut down successfully.
MSBuild server shut down successfully.
Thread 0x17629b000 may have been prematurely finalized
Thread 0x176327000 may have been prematurely finalized
Thread 0x17620f000 may have been prematurely finalized
Thread 0x1763b3000 may have been prematurely finalized
Thread 0x176557000 may have been prematurely finalized
Thread 0x17666f000 may have been prematurely finalized
Thread 0x17643f000 may have been prematurely finalized
Thread 0x1765e3000 may have been prematurely finalized
Thread 0x1764cb000 may have been prematurely finalized
[Physics::Module] Cleanup current backend.
[Physics::Module] Id: 0xf2b8ea05
[Licensing::IpcConnector] LicenseClient-ariq-notifications channel disconnected successfully.
[Licensing::IpcConnector] LicenseClient-ariq channel disconnected successfully.
Shut down UDS service system complete
Lingering sessions upon destruction of worker manager
Unity Data Store service was successfully shut down
UDS shutting down local client system
AcceleratorClientConnectionCallback - disconnected - :0
Cleanup mono
CodeReloadManager destroyed
debugger-agent: Unable to listen on 85
Checking for leaked weakptr:
  Found no leaked weakptrs.
[Package Manager] Server process was shutdown
##utp:{"type":"MemoryLeaks","version":2,"phase":"Immediate","time":1791116760435,"processId":45038,"allocatedMemory":14660822,"memoryLabels":[{"Default":193937},{"Permanent":15672},{"Thread":1056696},{"Manager":2329982},{"VertexData":8},{"Geometry":408},{"Texture":24},{"Shader":854769},{"Material":24},{"GfxDevice":49080},{"GfxThread":5440},{"Animation":968},{"Audio":1896},{"FreeType":8},{"FontEngine":736},{"Physics":2002},{"Physics2D":16},{"Serialization":16456},{"Input":43216},{"JobScheduler":448},{"TextLib":24720},{"Mono":56},{"MonoCode":144},{"ScriptingNativeRuntime":155024},{"BaseObject":49816},{"Resource":984},{"Renderer":2456},{"Transform":4693},{"File":22446},{"WebCam":32},{"Culling":32},{"Terrain":11346},{"Wind":24},{"String":1319271},{"StaticString":3808},{"Utility":2692386},{"PoolAlloc":2632},{"AI":80},{"TypeTree":196814},{"ScriptManager":18960},{"CodeReload":448},{"RuntimeInitializeOnLoadManager":64},{"Sprites":102},{"SpriteAtlas":120},{"GI":7240},{"Director":8288},{"CloudService":8880},{"WebRequest":520},{"VR":49858},{"SceneManager":616},{"Video":2112},{"LazyScriptCache":32},{"NativeArray":1872},{"Camera":1177},{"Secure":9945},{"SerializationCache":9704},{"APIUpdating":10320},{"VirtualTexturing":57504},{"StaticSafetyDebugInfo":278528},{"Baselib":16},{"Analytics":568},{"Hierarchy":1492},{"UIElements":40},{"CoreStats":14536},{"Identifiers":7152},{"Gui":280994},{"EditorUtility":80540},{"VersionControl":8},{"Undo":939},{"AssetDatabase":4688054},{"AssetImporter":40},{"EditorGi":328},{"UnityConnect":36970},{"Upm":1788},{"UpmDiagnostics":8},{"AssetCompliance":96},{"DrivenProperties":72},{"HubClient":848},{"LocalIPC":203},{"ProfilerEditor":9738},{"CoreBusinessMetrics":3205},{"Windowing":416},{"Licensing":992},{"AssetReference":32},{"IPCStream":7003}]}
