[2026-10-04T12:26:01.031Z][INFO] Command-line: /Applications/Unity/Hub/Editor/6000.6.0f1/Unity.app/Contents/Helpers/PackageManager/Server/UnityPackageManager server -s 46071 --ipc-path /tmp/Unity-Upm-46071.sock -l 2 --log-file '/Users/ariq/Code/Unity Practice/Prac1/Logs/upm.log'
[2026-10-04T12:26:01.042Z][INFO] IPC server started (IPC path=/tmp/Unity-Upm-46071.sock).
[2026-10-04T12:26:01.043Z][INFO] Hint: To connect to this UPM instance, launch Unity with the command-line parameter -upmIpcPath Upm-46071.
[2026-10-04T12:26:02.046Z][INFO] project:list-packages <-- Request received
params: {}
[2026-10-04T12:26:02.137Z][INFO] project:list-packages --> 200 (91 ms)
[2026-10-04T12:26:02.425Z][INFO] config:project:get-registries <-- Request received
params: {}
[2026-10-04T12:26:02.428Z][INFO] config:project:get-registries --> 200 (3 ms)
[2026-10-04T12:26:02.436Z][INFO] project:list-packages <-- Request received
params: {}
[2026-10-04T12:26:02.542Z][INFO] project:list-packages --> 200 (106 ms)
[2026-10-04T12:26:24.593Z][INFO] project:list-packages <-- Request received
params: {}
[2026-10-04T12:26:24.617Z][INFO] project:list-packages <-- Request received
params: {}
[2026-10-04T12:26:24.749Z][INFO] project:list-packages --> 200 (132 ms)
[2026-10-04T12:26:24.749Z][INFO] project:list-packages --> 200 (157 ms)
[2026-10-04T12:26:24.760Z][INFO] project:list-packages <-- Request received
params: {}
[2026-10-04T12:26:24.823Z][INFO] project:list-packages --> 200 (63 ms)
[2026-10-04T12:26:25.286Z][INFO] config:project:get-registries <-- Request received
params: {}
[2026-10-04T12:26:25.288Z][INFO] config:project:get-registries --> 200 (2 ms)
[2026-10-04T12:26:25.331Z][INFO] packages:get-all-packageinfo <-- Request received
params: {}
[2026-10-04T12:26:25.364Z][INFO] project:list-packages <-- Request received
params: {}
[2026-10-04T12:26:25.734Z][INFO] packages:get-all-packageinfo --> 200 (403 ms)
[2026-10-04T12:26:25.808Z][INFO] project:list-packages --> 200 (444 ms)
[2026-10-04T12:26:26.459Z][INFO] project:list-packages <-- Request received
params: {}
[2026-10-04T12:26:26.559Z][INFO] project:list-packages --> 200 (100 ms)
[2026-10-04T12:26:29.236Z][INFO] project:list-packages <-- Request received
params: {}
[2026-10-04T12:26:32.709Z][INFO] project:list-packages --> 200 (3473 ms)
[2026-10-04T12:28:03.193Z][INFO] packages:get-all-packageinfo <-- Request received
params: {}
[2026-10-04T12:28:03.204Z][INFO] packages:get-all-packageinfo <-- Request received
params: {}
[2026-10-04T12:28:03.209Z][INFO] project:list-packages <-- Request received
params: {}
[2026-10-04T12:28:03.462Z][INFO] packages:get-all-packageinfo --> 200 (258 ms)
[2026-10-04T12:28:04.167Z][INFO] packages:get-packageinfo <-- Request received
params: {
  "packageId": "com.unity.addressables@2.11.2"
}
[2026-10-04T12:28:04.178Z][INFO] packages:get-packageinfo <-- Request received
params: {
  "packageId": "com.unity.ads.ios-support@1.0.1"
}
[2026-10-04T12:28:04.189Z][INFO] packages:get-packageinfo <-- Request received
params: {
  "packageId": "com.unity.mobile.notifications@2.4.3"
}
[2026-10-04T12:28:04.200Z][INFO] packages:get-packageinfo <-- Request received
params: {
  "packageId": "com.unity.project-auditor-rules@1.0.3"
}
[2026-10-04T12:28:04.211Z][INFO] packages:get-packageinfo <-- Request received
params: {
  "packageId": "com.unity.scriptablebuildpipeline@3.0.3"
}
[2026-10-04T12:28:04.222Z][INFO] packages:get-packageinfo <-- Request received
params: {
  "packageId": "com.unity.services.friends@1.1.1"
}
[2026-10-04T12:28:04.233Z][INFO] packages:get-packageinfo <-- Request received
params: {
  "packageId": "com.unity.services.moderation@1.0.2"
}
[2026-10-04T12:28:04.244Z][INFO] packages:get-packageinfo <-- Request received
params: {
  "packageId": "com.unity.xr.compositionlayers@2.5.0"
}
[2026-10-04T12:28:04.588Z][INFO] packages:get-packageinfo --> 200 (410 ms)
[2026-10-04T12:28:04.597Z][INFO] packages:get-packageinfo --> 200 (408 ms)
[2026-10-04T12:28:04.608Z][INFO] packages:get-packageinfo --> 200 (441 ms)
[2026-10-04T12:28:04.623Z][INFO] packages:get-packageinfo --> 200 (423 ms)
[2026-10-04T12:28:04.637Z][INFO] packages:get-packageinfo --> 200 (404 ms)
[2026-10-04T12:28:04.642Z][INFO] packages:get-packageinfo --> 200 (420 ms)
[2026-10-04T12:28:04.643Z][INFO] packages:get-packageinfo --> 200 (432 ms)
[2026-10-04T12:28:04.656Z][INFO] packages:get-packageinfo --> 200 (412 ms)
[2026-10-04T12:28:07.436Z][INFO] project:list-packages --> 200 (4227 ms)
[2026-10-04T12:28:07.967Z][INFO] packages:get-all-packageinfo --> 200 (4775 ms)
[2026-10-04T12:28:08.649Z][INFO] packages:get-packageinfo <-- Request received
params: {
  "packageId": "com.unity.polyspatial.extensions@3.2.2"
}
[2026-10-04T12:28:08.660Z][INFO] packages:get-packageinfo <-- Request received
params: {
  "packageId": "com.unity.polyspatial.visionos@3.2.2"
}
[2026-10-04T12:28:08.670Z][INFO] packages:get-packageinfo <-- Request received
params: {
  "packageId": "com.unity.xr.visionos@3.2.2"
}
[2026-10-04T12:28:08.678Z][INFO] packages:get-packageinfo --> 200 (29 ms)
[2026-10-04T12:28:08.681Z][INFO] packages:get-packageinfo --> 200 (21 ms)
[2026-10-04T12:28:08.682Z][INFO] packages:get-packageinfo --> 200 (12 ms)
[2026-10-04T12:28:19.842Z][INFO] packages:get-packageinfo <-- Request received
params: {
  "packageId": "com.meta.xr.sdk.voice"
}
[2026-10-04T12:28:19.852Z][INFO] packages:get-packageinfo <-- Request received
params: {
  "packageId": "com.meta.xr.mrutilitykit"
}
[2026-10-04T12:28:19.863Z][INFO] packages:get-packageinfo <-- Request received
params: {
  "packageId": "com.meta.xr.sdk.all"
}
[2026-10-04T12:28:19.874Z][INFO] packages:get-packageinfo <-- Request received
params: {
  "packageId": "com.meta.xr.sdk.audio"
}
[2026-10-04T12:28:19.886Z][INFO] packages:get-packageinfo <-- Request received
params: {
  "packageId": "com.meta.xr.sdk.core"
}
[2026-10-04T12:28:19.896Z][INFO] packages:get-packageinfo <-- Request received
params: {
  "packageId": "com.meta.xr.sdk.haptics"
}
[2026-10-04T12:28:19.907Z][INFO] packages:get-packageinfo <-- Request received
params: {
  "packageId": "com.meta.xr.sdk.interaction"
}
[2026-10-04T12:28:19.918Z][INFO] packages:get-packageinfo <-- Request received
params: {
  "packageId": "com.meta.xr.sdk.interaction.ovr"
}
[2026-10-04T12:28:19.930Z][INFO] packages:get-packageinfo <-- Request received
params: {
  "packageId": "com.meta.xr.sdk.platform"
}
[2026-10-04T12:28:20.271Z][INFO] packages:get-packageinfo --> 200 (429 ms)
[2026-10-04T12:28:20.278Z][INFO] packages:get-packageinfo --> 200 (426 ms)
[2026-10-04T12:28:20.282Z][INFO] packages:get-packageinfo --> 200 (419 ms)
[2026-10-04T12:28:20.346Z][INFO] packages:get-packageinfo --> 200 (460 ms)
[2026-10-04T12:28:20.346Z][INFO] packages:get-packageinfo --> 200 (450 ms)
[2026-10-04T12:28:20.347Z][INFO] packages:get-packageinfo --> 200 (473 ms)
[2026-10-04T12:28:20.351Z][INFO] packages:get-packageinfo --> 200 (433 ms)
[2026-10-04T12:28:20.360Z][INFO] packages:get-packageinfo --> 200 (430 ms)
[2026-10-04T12:28:20.364Z][INFO] packages:get-packageinfo --> 200 (457 ms)
[2026-10-04T12:28:31.445Z][INFO] project:add-remove-dependencies <-- Request received
params: {}
[2026-10-04T12:28:33.171Z][INFO] Downloading package [com.meta.xr.sdk.core@207.0.0] from registry 'https://packages.unity.com'
[2026-10-04T12:28:59.717Z][INFO] Finished downloading package [com.meta.xr.sdk.core@207.0.0] from registry 'https://packages.unity.com' (size: 210 MB, time: 26.5s)
[2026-10-04T12:29:02.471Z][INFO] project:add-remove-dependencies --> 200 (31026 ms)
[2026-10-04T12:29:02.778Z][INFO] project:add-remove-dependencies <-- Request received
params: {}
[2026-10-04T12:29:03.371Z][INFO] project:add-remove-dependencies --> 200 (593 ms)
[2026-10-04T12:29:03.704Z][INFO] project:list-packages <-- Request received
params: {}
[2026-10-04T12:29:03.736Z][INFO] project:resolve-packages <-- Request received
params: {}
[2026-10-04T12:29:03.781Z][INFO] project:list-packages --> 200 (77 ms)
[2026-10-04T12:29:03.839Z][WARN] Requested version [2.3.0] for package [com.unity.xr.core-utils] overridden by minimum version [2.6.0].
[2026-10-04T12:29:03.839Z][WARN] Requested version [2.1.2] for package [com.unity.xr.legacyinputhelpers] overridden by minimum version [3.0.1].
[2026-10-04T12:29:03.839Z][WARN] Requested version [3.0.2] for package [com.unity.nuget.newtonsoft-json] overridden by minimum version [3.2.2].
[2026-10-04T12:29:03.839Z][WARN] Requested version [1.7.2] for package [com.unity.xr.hands] overridden by minimum version [1.9.0].
[2026-10-04T12:29:03.839Z][WARN] Requested version [4.9.3] for package [com.unity.searcher] overridden by minimum version [4.9.5].
[2026-10-04T12:29:03.840Z][INFO] project:resolve-packages --> 200 (104 ms)
[2026-10-04T12:29:04.182Z][INFO] config:project:get-registries <-- Request received
params: {}
[2026-10-04T12:29:04.197Z][INFO] project:list-packages <-- Request received
params: {}
[2026-10-04T12:29:04.213Z][INFO] config:project:get-registries --> 200 (31 ms)
[2026-10-04T12:29:04.358Z][INFO] project:list-packages --> 200 (161 ms)
[2026-10-04T12:29:17.146Z][INFO] project:list-packages <-- Request received
params: {}
[2026-10-04T12:29:17.168Z][INFO] project:list-packages <-- Request received
params: {}
[2026-10-04T12:29:17.347Z][INFO] project:list-packages --> 200 (179 ms)
[2026-10-04T12:29:17.348Z][INFO] project:list-packages --> 200 (203 ms)
[2026-10-04T12:29:19.529Z][INFO] project:list-packages <-- Request received
params: {}
[2026-10-04T12:29:19.588Z][INFO] project:list-packages --> 200 (59 ms)
[2026-10-04T12:29:19.628Z][INFO] project:list-packages <-- Request received
params: {}
[2026-10-04T12:29:19.672Z][INFO] project:list-packages --> 200 (44 ms)
[2026-10-04T12:29:20.143Z][INFO] config:project:get-registries <-- Request received
params: {}
[2026-10-04T12:29:20.145Z][INFO] config:project:get-registries --> 200 (2 ms)
[2026-10-04T12:29:20.482Z][INFO] packages:get-all-packageinfo <-- Request received
params: {}
[2026-10-04T12:29:20.490Z][INFO] project:list-packages <-- Request received
params: {}
[2026-10-04T12:29:20.779Z][INFO] packages:get-all-packageinfo --> 200 (297 ms)
[2026-10-04T12:29:20.828Z][INFO] project:list-packages --> 200 (338 ms)
[2026-10-04T12:29:29.911Z][INFO] project:list-packages <-- Request received
params: {}
[2026-10-04T12:29:30.263Z][INFO] project:list-packages --> 200 (354 ms)
[2026-10-04T12:29:30.636Z][INFO] project:list-packages <-- Request received
params: {}
[2026-10-04T12:29:30.851Z][INFO] project:list-packages --> 200 (215 ms)
[2026-10-04T12:29:59.210Z][INFO] project:list-packages <-- Request received
params: {}
[2026-10-04T12:29:59.351Z][INFO] project:list-packages --> 200 (142 ms)
[2026-10-04T12:30:17.020Z][INFO] project:add-remove-dependencies <-- Request received
params: {}
[2026-10-04T12:30:22.656Z][INFO] Downloading package [com.meta.xr.sdk.interaction@207.0.0] from registry 'https://packages.unity.com'
[2026-10-04T12:30:38.968Z][INFO] Finished downloading package [com.meta.xr.sdk.interaction@207.0.0] from registry 'https://packages.unity.com' (size: 117 MB, time: 16.3s)
[2026-10-04T12:30:40.132Z][INFO] project:add-remove-dependencies --> 200 (23115 ms)
[2026-10-04T12:30:40.349Z][INFO] project:add-remove-dependencies <-- Request received
params: {}
[2026-10-04T12:30:40.490Z][INFO] project:add-remove-dependencies --> 200 (141 ms)
[2026-10-04T12:30:40.722Z][INFO] project:list-packages <-- Request received
params: {}
[2026-10-04T12:30:40.733Z][INFO] project:resolve-packages <-- Request received
params: {}
[2026-10-04T12:30:40.798Z][INFO] project:list-packages --> 200 (76 ms)
[2026-10-04T12:30:40.837Z][WARN] Requested version [2.3.0] for package [com.unity.xr.core-utils] overridden by minimum version [2.6.0].
[2026-10-04T12:30:40.837Z][WARN] Requested version [2.1.2] for package [com.unity.xr.legacyinputhelpers] overridden by minimum version [3.0.1].
[2026-10-04T12:30:40.837Z][WARN] Requested version [3.0.2] for package [com.unity.nuget.newtonsoft-json] overridden by minimum version [3.2.2].
[2026-10-04T12:30:40.837Z][WARN] Requested version [1.7.2] for package [com.unity.xr.hands] overridden by minimum version [1.9.0].
[2026-10-04T12:30:40.837Z][WARN] Requested version [4.9.3] for package [com.unity.searcher] overridden by minimum version [4.9.5].
[2026-10-04T12:30:40.837Z][INFO] project:resolve-packages --> 200 (104 ms)
[2026-10-04T12:30:41.237Z][INFO] config:project:get-registries <-- Request received
params: {}
[2026-10-04T12:30:41.239Z][INFO] config:project:get-registries --> 200 (2 ms)
[2026-10-04T12:30:41.249Z][INFO] project:list-packages <-- Request received
params: {}
[2026-10-04T12:30:41.450Z][INFO] project:list-packages --> 200 (201 ms)
[2026-10-04T12:30:50.981Z][INFO] project:list-packages <-- Request received
params: {}
[2026-10-04T12:30:50.990Z][INFO] project:list-packages <-- Request received
params: {}
[2026-10-04T12:30:51.199Z][INFO] project:list-packages --> 200 (219 ms)
[2026-10-04T12:30:51.200Z][INFO] project:list-packages --> 200 (210 ms)
[2026-10-04T12:30:51.727Z][INFO] project:list-packages <-- Request received
params: {}
[2026-10-04T12:30:51.812Z][INFO] project:list-packages --> 200 (85 ms)
[2026-10-04T12:30:52.899Z][INFO] project:list-packages <-- Request received
params: {}
[2026-10-04T12:30:52.951Z][INFO] project:list-packages --> 200 (52 ms)
[2026-10-04T12:30:53.244Z][INFO] config:project:get-registries <-- Request received
params: {}
[2026-10-04T12:30:53.246Z][INFO] config:project:get-registries --> 200 (2 ms)
[2026-10-04T12:30:53.568Z][INFO] packages:get-all-packageinfo <-- Request received
params: {}
[2026-10-04T12:30:53.584Z][INFO] project:list-packages <-- Request received
params: {}
[2026-10-04T12:30:53.900Z][INFO] packages:get-all-packageinfo --> 200 (332 ms)
[2026-10-04T12:30:53.975Z][INFO] project:list-packages --> 200 (391 ms)
[2026-10-04T12:31:04.813Z][INFO] project:list-packages <-- Request received
params: {}
[2026-10-04T12:31:06.171Z][INFO] project:list-packages <-- Request received
params: {}
[2026-10-04T12:31:06.259Z][INFO] project:list-packages --> 200 (88 ms)
[2026-10-04T12:31:08.603Z][INFO] project:list-packages --> 200 (3790 ms)
[2026-10-04T12:31:33.293Z][INFO] project:add-remove-dependencies <-- Request received
params: {}
[2026-10-04T12:31:35.208Z][INFO] Downloading package [com.meta.xr.sdk.interaction.ovr@207.0.0] from registry 'https://packages.unity.com'
[2026-10-04T12:31:40.863Z][INFO] Finished downloading package [com.meta.xr.sdk.interaction.ovr@207.0.0] from registry 'https://packages.unity.com' (size: 14.8 MB, time: 5.6s)
[2026-10-04T12:31:41.892Z][INFO] project:add-remove-dependencies --> 200 (8599 ms)
[2026-10-04T12:31:42.171Z][INFO] project:add-remove-dependencies <-- Request received
params: {}
[2026-10-04T12:31:42.752Z][INFO] project:add-remove-dependencies --> 200 (581 ms)
[2026-10-04T12:31:43.106Z][INFO] project:list-packages <-- Request received
params: {}
[2026-10-04T12:31:43.160Z][INFO] project:resolve-packages <-- Request received
params: {}
[2026-10-04T12:31:43.162Z][INFO] project:list-packages --> 200 (56 ms)
[2026-10-04T12:31:43.228Z][WARN] Requested version [2.3.0] for package [com.unity.xr.core-utils] overridden by minimum version [2.6.0].
[2026-10-04T12:31:43.228Z][WARN] Requested version [2.1.2] for package [com.unity.xr.legacyinputhelpers] overridden by minimum version [3.0.1].
[2026-10-04T12:31:43.228Z][WARN] Requested version [3.0.2] for package [com.unity.nuget.newtonsoft-json] overridden by minimum version [3.2.2].
[2026-10-04T12:31:43.228Z][WARN] Requested version [1.7.2] for package [com.unity.xr.hands] overridden by minimum version [1.9.0].
[2026-10-04T12:31:43.228Z][WARN] Requested version [4.9.3] for package [com.unity.searcher] overridden by minimum version [4.9.5].
[2026-10-04T12:31:43.228Z][INFO] project:resolve-packages --> 200 (68 ms)
[2026-10-04T12:31:43.617Z][INFO] config:project:get-registries <-- Request received
params: {}
[2026-10-04T12:31:43.619Z][INFO] config:project:get-registries --> 200 (2 ms)
[2026-10-04T12:31:43.628Z][INFO] project:list-packages <-- Request received
params: {}
[2026-10-04T12:31:43.764Z][INFO] project:list-packages --> 200 (136 ms)
[2026-10-04T12:31:49.368Z][INFO] project:list-packages <-- Request received
params: {}
[2026-10-04T12:31:49.381Z][INFO] project:list-packages <-- Request received
params: {}
[2026-10-04T12:31:49.497Z][INFO] project:list-packages --> 200 (129 ms)
[2026-10-04T12:31:49.507Z][INFO] project:list-packages --> 200 (126 ms)
[2026-10-04T12:31:49.804Z][INFO] project:list-packages <-- Request received
params: {}
[2026-10-04T12:31:49.864Z][INFO] project:list-packages --> 200 (60 ms)
[2026-10-04T12:31:49.937Z][INFO] project:list-packages <-- Request received
params: {}
[2026-10-04T12:31:49.994Z][INFO] project:list-packages --> 200 (57 ms)
[2026-10-04T12:31:50.224Z][INFO] config:project:get-registries <-- Request received
params: {}
[2026-10-04T12:31:50.226Z][INFO] config:project:get-registries --> 200 (2 ms)
[2026-10-04T12:31:50.536Z][INFO] packages:get-all-packageinfo <-- Request received
params: {}
[2026-10-04T12:31:50.550Z][INFO] project:list-packages <-- Request received
params: {}
[2026-10-04T12:31:50.864Z][INFO] packages:get-all-packageinfo --> 200 (328 ms)
[2026-10-04T12:31:50.914Z][INFO] project:list-packages --> 200 (364 ms)
[2026-10-04T12:31:52.345Z][INFO] project:list-packages <-- Request received
params: {}
[2026-10-04T12:31:52.410Z][INFO] project:list-packages --> 200 (65 ms)
[2026-10-04T12:31:52.579Z][INFO] project:list-packages <-- Request received
params: {}
[2026-10-04T12:31:52.707Z][INFO] project:list-packages --> 200 (128 ms)
[2026-10-04T12:32:02.681Z][INFO] packages:get-packageinfo <-- Request received
params: {
  "packageId": "com.meta.xr.simulator"
}
[2026-10-04T12:32:03.113Z][INFO] packages:get-packageinfo --> 200 (433 ms)
[2026-10-04T12:32:49.749Z][INFO] project:list-packages <-- Request received
params: {}
[2026-10-04T12:32:49.832Z][INFO] project:list-packages --> 200 (83 ms)
[2026-10-04T12:32:50.436Z][INFO] project:list-packages <-- Request received
params: {}
[2026-10-04T12:32:50.558Z][INFO] project:list-packages --> 200 (122 ms)
[2026-10-04T12:32:51.785Z][INFO] project:list-packages <-- Request received
params: {}
[2026-10-04T12:32:51.860Z][INFO] project:list-packages --> 200 (75 ms)
[2026-10-04T12:32:52.089Z][INFO] config:project:get-registries <-- Request received
params: {}
[2026-10-04T12:32:52.090Z][INFO] config:project:get-registries --> 200 (1 ms)
[2026-10-04T12:32:52.547Z][INFO] packages:get-all-packageinfo <-- Request received
params: {}
[2026-10-04T12:32:52.557Z][INFO] project:list-packages <-- Request received
params: {}
[2026-10-04T12:32:52.679Z][INFO] project:list-packages <-- Request received
params: {}
[2026-10-04T12:32:52.873Z][INFO] packages:get-all-packageinfo --> 200 (327 ms)
[2026-10-04T12:32:52.939Z][INFO] project:list-packages --> 200 (382 ms)
[2026-10-04T12:32:56.528Z][INFO] project:list-packages --> 200 (3849 ms)
[2026-10-04T12:38:24.432Z][INFO] project:list-packages <-- Request received
params: {}
[2026-10-04T12:38:24.585Z][INFO] project:list-packages --> 200 (154 ms)
[2026-10-04T12:38:24.769Z][INFO] project:list-packages <-- Request received
params: {}
[2026-10-04T12:38:24.857Z][INFO] project:list-packages --> 200 (89 ms)
[2026-10-04T12:38:25.025Z][INFO] project:list-packages <-- Request received
params: {}
[2026-10-04T12:38:25.142Z][INFO] project:list-packages --> 200 (117 ms)
[2026-10-04T12:38:27.575Z][INFO] project:list-packages <-- Request received
params: {}
[2026-10-04T12:38:27.655Z][INFO] project:list-packages --> 200 (80 ms)
[2026-10-04T12:38:27.911Z][INFO] config:project:get-registries <-- Request received
params: {}
[2026-10-04T12:38:27.912Z][INFO] config:project:get-registries --> 200 (2 ms)
[2026-10-04T12:38:28.456Z][INFO] packages:get-all-packageinfo <-- Request received
params: {}
[2026-10-04T12:38:28.513Z][INFO] project:list-packages <-- Request received
params: {}
[2026-10-04T12:38:28.772Z][INFO] project:list-packages <-- Request received
params: {}
[2026-10-04T12:38:28.833Z][INFO] packages:get-all-packageinfo --> 200 (377 ms)
[2026-10-04T12:38:28.934Z][INFO] project:list-packages --> 200 (421 ms)
[2026-10-04T12:38:34.302Z][INFO] project:list-packages --> 200 (5530 ms)
[2026-10-04T12:38:38.890Z][INFO] packages:get-packageinfo <-- Request received
params: {
  "packageId": "com.meta.xr.simulator"
}
[2026-10-04T12:38:39.483Z][INFO] packages:get-packageinfo --> 200 (593 ms)
[2026-10-04T12:53:48.702Z][INFO] Received shutdown request (SIGTERM), shutting down Unity Package Manager
